autoreconf: export WARNINGS=
autoreconf: Entering directory '.'
autoreconf: running: autopoint --force
autoreconf: running: aclocal -I extras/tools/build/share/aclocal/ --force -I m4
autoreconf: configure.ac: tracing
autoreconf: running: libtoolize --copy --force
libtoolize: putting auxiliary files in AC_CONFIG_AUX_DIR, 'autotools'.
libtoolize: copying file 'autotools/ltmain.sh'
libtoolize: putting macros in AC_CONFIG_MACRO_DIRS, 'm4'.
libtoolize: copying file 'm4/libtool.m4'
libtoolize: copying file 'm4/ltoptions.m4'
libtoolize: copying file 'm4/ltsugar.m4'
libtoolize: copying file 'm4/ltversion.m4'
libtoolize: copying file 'm4/lt~obsolete.m4'
autoreconf: configure.ac: not using Intltool
autoreconf: configure.ac: not using Gtkdoc
autoreconf: configure.ac: not running autopoint a second time
autoreconf: running: aclocal -I extras/tools/build/share/aclocal/ --force -I m4
autoreconf: running: /Users/cam/Documents/Projects/ultima-iv-web/vlc-thumbs/work/upstream/vlc-master-story005/extras/tools/build/bin/autoconf --include=extras/tools/build/share/aclocal/ --force
autoreconf: running: /Users/cam/Documents/Projects/ultima-iv-web/vlc-thumbs/work/upstream/vlc-master-story005/extras/tools/build/bin/autoheader --include=extras/tools/build/share/aclocal/ --force
autoreconf: running: automake --add-missing --copy --force-missing
configure.ac:55: installing 'autotools/compile'
configure.ac:42: installing 'autotools/config.guess'
configure.ac:42: installing 'autotools/config.sub'
configure.ac:46: installing 'autotools/install-sh'
configure.ac:46: installing 'autotools/missing'
parallel-tests: installing 'autotools/test-driver'
bin/Makefile.am: installing 'autotools/depcomp'
configure.ac: installing 'autotools/ylwrap'
autoreconf: configure.ac: not running make: --make not given
autoreconf: Leaving directory '.'
Successfully bootstrapped
