/Applications/Xcode.app/Contents/Developer/usr/bin/make  check-recursive
Making check in compat
/Applications/Xcode.app/Contents/Developer/usr/bin/make  test_heap test_strnstr test_ckd_ckd test_ckd_builtin test_ckd_compat test_clock_nanosleep
make[3]: `test_heap' is up to date.
make[3]: `test_strnstr' is up to date.
make[3]: `test_ckd_ckd' is up to date.
make[3]: `test_ckd_builtin' is up to date.
make[3]: `test_ckd_compat' is up to date.
make[3]: `test_clock_nanosleep' is up to date.
/Applications/Xcode.app/Contents/Developer/usr/bin/make  check-TESTS
============================================================================
Testsuite summary for vlc 4.0.0-dev
============================================================================
# TOTAL: 0
# PASS:  0
# SKIP:  0
# XFAIL: 0
# FAIL:  0
# XPASS: 0
# ERROR: 0
============================================================================
Making check in po
make[2]: Nothing to be done for `check'.
Making check in share
make[2]: Nothing to be done for `check'.
Making check in src
  GEN      stamp-revision
/Applications/Xcode.app/Contents/Developer/usr/bin/make  check-am
/Applications/Xcode.app/Contents/Developer/usr/bin/make  test_block test_dictionary test_executor test_i18n_atof test_interrupt test_jaro_winkler test_list test_md5 test_objects_cxx test_picture_pool test_sort test_timer test_url test_utf8 test_xmlent test_headers test_mrl_helpers test_arrays test_vector test_shared_data_ptr test_playlist test_randomizer test_media_source test_extensions test_thread test_diffutil test_cpp_list test_input_es_out test_input_clock \
	  check_headers check_symbols checkheader_vlc_access.h.check checkheader_vlc_actions.h.check checkheader_vlc_addons.h.check checkheader_vlc_ancillary.h.check checkheader_vlc_aout.h.check checkheader_vlc_aout_volume.h.check checkheader_vlc_arrays.h.check checkheader_vlc_atomic.h.check checkheader_vlc_avcodec.h.check checkheader_vlc_bits.h.check checkheader_vlc_block.h.check checkheader_vlc_block_helper.h.check checkheader_vlc_boxes.h.check checkheader_vlc_charset.h.check checkheader_vlc_codec.h.check checkheader_vlc_common.h.check checkheader_vlc_config.h.check checkheader_vlc_config_cat.h.check checkheader_vlc_configuration.h.check checkheader_vlc_cpu.h.check checkheader_vlc_clock.h.check checkheader_vlc_chroma_probe.h.check checkheader_vlc_decoder.h.check checkheader_vlc_demux.h.check checkheader_vlc_dialog.h.check checkheader_vlc_diffutil.h.check checkheader_vlc_epg.h.check checkheader_vlc_es.h.check checkheader_vlc_es_out.h.check checkheader_vlc_executor.h.check checkheader_vlc_filter.h.check checkheader_vlc_fingerprinter.h.check checkheader_vlc_fourcc.h.check checkheader_vlc_frame.h.check checkheader_vlc_fs.h.check checkheader_vlc_gcrypt.h.check checkheader_vlc_hash.h.check checkheader_vlc_http.h.check checkheader_vlc_httpd.h.check checkheader_vlc_image.h.check checkheader_vlc_inhibit.h.check checkheader_vlc_input.h.check checkheader_vlc_input_item.h.check checkheader_vlc_interface.h.check checkheader_vlc_interrupt.h.check checkheader_vlc_keystore.h.check checkheader_vlc_list.h.check checkheader_vlc_media_library.h.check checkheader_vlc_media_source.h.check checkheader_vlc_memstream.h.check checkheader_vlc_messages.h.check checkheader_vlc_tracer.h.check checkheader_vlc_meta.h.check checkheader_vlc_meta_fetcher.h.check checkheader_vlc_mime.h.check checkheader_vlc_modules.h.check checkheader_vlc_mouse.h.check checkheader_vlc_network.h.check checkheader_vlc_objects.h.check checkheader_vlc_opengl.h.check checkheader_vlc_opengl_interop.h.check checkheader_vlc_opengl_filter.h.check checkheader_vlc_opengl_picture.h.check checkheader_vlc_opengl_sampler.h.check checkheader_vlc_picture.h.check checkheader_vlc_picture_fifo.h.check checkheader_vlc_picture_pool.h.check checkheader_vlc_player.h.check checkheader_vlc_playlist.h.check checkheader_vlc_playlist_export.h.check checkheader_vlc_plugin.h.check checkheader_vlc_poll.h.check checkheader_vlc_probe.h.check checkheader_vlc_preparser.h.check checkheader_vlc_process.h.check checkheader_vlc_preparser_ipc.h.check checkheader_vlc_queue.h.check checkheader_vlc_rand.h.check checkheader_vlc_renderer_discovery.h.check checkheader_vlc_replay_gain.h.check checkheader_vlc_services_discovery.h.check checkheader_vlc_sort.h.check checkheader_vlc_sout.h.check checkheader_vlc_spawn.h.check checkheader_vlc_spu.h.check checkheader_vlc_stream.h.check checkheader_vlc_stream_extractor.h.check checkheader_vlc_strings.h.check checkheader_vlc_subpicture.h.check checkheader_vlc_text_style.h.check checkheader_vlc_threads.h.check checkheader_vlc_tick.h.check checkheader_vlc_timestamp_helper.h.check checkheader_vlc_tls.h.check checkheader_vlc_url.h.check checkheader_vlc_variables.h.check checkheader_vlc_vector.h.check checkheader_vlc_video_splitter.h.check checkheader_vlc_viewpoint.h.check checkheader_vlc_vlm.h.check checkheader_vlc_vout.h.check checkheader_vlc_vout_display.h.check checkheader_vlc_vout_osd.h.check checkheader_vlc_window.h.check checkheader_vlc_xlib.h.check checkheader_vlc_xml.h.check checkheader_vlc_cxx_helpers.hpp.check checkheader_vlc_list.hpp.check
make[4]: `test_block' is up to date.
make[4]: `test_dictionary' is up to date.
make[4]: `test_executor' is up to date.
make[4]: `test_i18n_atof' is up to date.
make[4]: `test_interrupt' is up to date.
make[4]: `test_jaro_winkler' is up to date.
make[4]: `test_list' is up to date.
make[4]: `test_md5' is up to date.
make[4]: `test_objects_cxx' is up to date.
make[4]: `test_picture_pool' is up to date.
make[4]: `test_sort' is up to date.
make[4]: `test_timer' is up to date.
make[4]: `test_url' is up to date.
make[4]: `test_utf8' is up to date.
make[4]: `test_xmlent' is up to date.
make[4]: `test_headers' is up to date.
make[4]: `test_mrl_helpers' is up to date.
make[4]: `test_arrays' is up to date.
make[4]: `test_vector' is up to date.
make[4]: `test_shared_data_ptr' is up to date.
make[4]: `test_playlist' is up to date.
make[4]: `test_randomizer' is up to date.
make[4]: `test_media_source' is up to date.
make[4]: `test_extensions' is up to date.
make[4]: `test_thread' is up to date.
make[4]: `test_diffutil' is up to date.
make[4]: `test_cpp_list' is up to date.
make[4]: `test_input_es_out' is up to date.
make[4]: `test_input_clock' is up to date.
make[4]: Nothing to be done for `/Users/cam/Documents/Projects/ultima-iv-web/vlc-thumbs/work/upstream/vlc-master-story005/extras/package/macosx/../../../src/check_headers'.
make[4]: Nothing to be done for `/Users/cam/Documents/Projects/ultima-iv-web/vlc-thumbs/work/upstream/vlc-master-story005/extras/package/macosx/../../../src/check_symbols'.
  CHECK    vlc_ancillary.h
  CHECK    vlc_actions.h
  CHECK    vlc_access.h
  CHECK    vlc_addons.h
  CHECK    vlc_aout.h
  CHECK    vlc_aout_volume.h
  CHECK    vlc_arrays.h
  CHECK    vlc_atomic.h
  CHECK    vlc_avcodec.h
  CHECK    vlc_bits.h
  CHECK    vlc_block.h
  CHECK    vlc_block_helper.h
  CHECK    vlc_charset.h
  CHECK    vlc_boxes.h
  CHECK    vlc_codec.h
  CHECK    vlc_common.h
  CHECK    vlc_config.h
  CHECK    vlc_config_cat.h
  CHECK    vlc_configuration.h
  CHECK    vlc_cpu.h
  CHECK    vlc_clock.h
  CHECK    vlc_chroma_probe.h
  CHECK    vlc_decoder.h
  CHECK    vlc_demux.h
  CHECK    vlc_dialog.h
  CHECK    vlc_diffutil.h
  CHECK    vlc_epg.h
  CHECK    vlc_es.h
  CHECK    vlc_es_out.h
  CHECK    vlc_executor.h
  CHECK    vlc_filter.h
  CHECK    vlc_fingerprinter.h
  CHECK    vlc_fourcc.h
  CHECK    vlc_frame.h
  CHECK    vlc_fs.h
  CHECK    vlc_gcrypt.h
  CHECK    vlc_hash.h
  CHECK    vlc_http.h
  CHECK    vlc_httpd.h
  CHECK    vlc_image.h
  CHECK    vlc_inhibit.h
  CHECK    vlc_input.h
  CHECK    vlc_input_item.h
  CHECK    vlc_interrupt.h
  CHECK    vlc_interface.h
  CHECK    vlc_keystore.h
  CHECK    vlc_list.h
  CHECK    vlc_media_library.h
  CHECK    vlc_media_source.h
  CHECK    vlc_memstream.h
  CHECK    vlc_messages.h
  CHECK    vlc_tracer.h
  CHECK    vlc_meta.h
  CHECK    vlc_meta_fetcher.h
  CHECK    vlc_mime.h
  CHECK    vlc_modules.h
  CHECK    vlc_mouse.h
  CHECK    vlc_network.h
  CHECK    vlc_objects.h
  CHECK    vlc_opengl.h
  CHECK    vlc_opengl_interop.h
  CHECK    vlc_opengl_filter.h
  CHECK    vlc_opengl_picture.h
  CHECK    vlc_opengl_sampler.h
  CHECK    vlc_picture.h
  CHECK    vlc_picture_fifo.h
  CHECK    vlc_picture_pool.h
  CHECK    vlc_player.h
  CHECK    vlc_playlist.h
  CHECK    vlc_playlist_export.h
  CHECK    vlc_plugin.h
  CHECK    vlc_poll.h
  CHECK    vlc_probe.h
  CHECK    vlc_preparser.h
  CHECK    vlc_process.h
  CHECK    vlc_queue.h
  CHECK    vlc_preparser_ipc.h
  CHECK    vlc_rand.h
  CHECK    vlc_renderer_discovery.h
  CHECK    vlc_replay_gain.h
  CHECK    vlc_services_discovery.h
  CHECK    vlc_sort.h
  CHECK    vlc_sout.h
  CHECK    vlc_spawn.h
  CHECK    vlc_spu.h
  CHECK    vlc_stream.h
  CHECK    vlc_stream_extractor.h
  CHECK    vlc_strings.h
  CHECK    vlc_subpicture.h
  CHECK    vlc_text_style.h
  CHECK    vlc_threads.h
  CHECK    vlc_tick.h
  CHECK    vlc_timestamp_helper.h
  CHECK    vlc_tls.h
  CHECK    vlc_url.h
  CHECK    vlc_variables.h
  CHECK    vlc_vector.h
  CHECK    vlc_viewpoint.h
  CHECK    vlc_video_splitter.h
  CHECK    vlc_vlm.h
  CHECK    vlc_vout.h
  CHECK    vlc_vout_display.h
  CHECK    vlc_vout_osd.h
  CHECK    vlc_window.h
  CHECK    vlc_xlib.h (SKIPPED)
  CHECK    vlc_xml.h
  CHECK    vlc_cxx_helpers.hpp
  CHECK    vlc_list.hpp
In file included from checkheader_vlc_cxx_helpers.hpp.check.cpp:1:
In file included from /Applications/Xcode.app/Contents/Developer/Platforms/MacOSX.platform/Developer/SDKs/MacOSX27.0.sdk/usr/include/c++/v1/stdbool.h:25:
In file included from /Applications/Xcode.app/Contents/Developer/Platforms/MacOSX.platform/Developer/SDKs/MacOSX27.0.sdk/usr/include/c++/v1/__configIn file included from checkheader_vlc_list.hpp.check.cpp:1:
In file included from /Applications/Xcode.app/Contents/Developer/Platforms/MacOSX.platform/Developer/SDKs/MacOSX27.0.sdk/usr/include/c++/v1/stdbool.h:25:
In file included from /Applications/Xcode.app/Contents/Developer/Platforms/MacOSX.platform/Developer/SDKs/MacOSX27.0.sdk/usr/include/c++/v1/__config:15:
:15:
/Applications/Xcode.app/Contents/Developer/Platforms/MacOSX.platform/Developer/SDKs/MacOSX27.0.sdk/usr/include/c++/v1/__configuration/availability.h:204:4: warning: "The selected platform is no longer supported by libc++." [-W#warnings]
/Applications/Xcode.app/Contents/Developer/Platforms/MacOSX.platform/Developer/SDKs/MacOSX27.0.sdk/usr/include/c++/v1/__configuration/availability.h:204:4: warning: "The selected platform is no longer supported by libc++." [-W#warnings]
    204 | #  warning "The selected platform is no longer supported by libc++."
      |    ^
204 | #  warning "The selected platform is no longer supported by libc++."
      |    ^
1 warning generated.
1 warning generated.
/Applications/Xcode.app/Contents/Developer/usr/bin/make  check-TESTS check-local
  CHECK    vlc_actions.h
  CHECK    vlc_access.h
  CHECK    vlc_addons.h
  CHECK    vlc_ancillary.h
  CHECK    vlc_aout.h
  CHECK    vlc_aout_volume.h
  CHECK    vlc_arrays.h
  CHECK    vlc_atomic.h
  CHECK    vlc_avcodec.h
  CHECK    vlc_bits.h
  CHECK    vlc_block.h
  CHECK    vlc_block_helper.h
  CHECK    vlc_boxes.h
  CHECK    vlc_charset.h
  CHECK    vlc_codec.h
  CHECK    vlc_common.h
  CHECK    vlc_config.h
  CHECK    vlc_config_cat.h
  CHECK    vlc_configuration.h
  CHECK    vlc_cpu.h
  CHECK    vlc_clock.h
  CHECK    vlc_chroma_probe.h
  CHECK    vlc_decoder.h
  CHECK    vlc_demux.h
  CHECK    vlc_dialog.h
  CHECK    vlc_diffutil.h
  CHECK    vlc_epg.h
  CHECK    vlc_es.h
  CHECK    vlc_es_out.h
  CHECK    vlc_executor.h
  CHECK    vlc_filter.h
  CHECK    vlc_fourcc.h
  CHECK    vlc_fingerprinter.h
  CHECK    vlc_frame.h
  CHECK    vlc_fs.h
  CHECK    vlc_gcrypt.h
  CHECK    vlc_hash.h
  CHECK    vlc_http.h
  CHECK    vlc_httpd.h
  CHECK    vlc_image.h
  CHECK    vlc_inhibit.h
  CHECK    vlc_input.h
  CHECK    vlc_input_item.h
  CHECK    vlc_interface.h
  CHECK    vlc_interrupt.h
  CHECK    vlc_keystore.h
  CHECK    vlc_media_library.h
  CHECK    vlc_list.h
  CHECK    vlc_media_source.h
  CHECK    vlc_memstream.h
  CHECK    vlc_messages.h
  CHECK    vlc_tracer.h
  CHECK    vlc_meta.h
  CHECK    vlc_meta_fetcher.h
  CHECK    vlc_mime.h
  CHECK    vlc_modules.h
  CHECK    vlc_mouse.h
  CHECK    vlc_network.h
  CHECK    vlc_objects.h
  CHECK    vlc_opengl.h
  CHECK    vlc_opengl_interop.h
  CHECK    vlc_opengl_filter.h
  CHECK    vlc_opengl_picture.h
  CHECK    vlc_opengl_sampler.h
  CHECK    vlc_picture.h
  CHECK    vlc_picture_fifo.h
  CHECK    vlc_picture_pool.h
  CHECK    vlc_player.h
  CHECK    vlc_playlist.h
  CHECK    vlc_playlist_export.h
  CHECK    vlc_plugin.h
  CHECK    vlc_poll.h
  CHECK    vlc_probe.h
  CHECK    vlc_preparser.h
  CHECK    vlc_process.h
  CHECK    vlc_preparser_ipc.h
  CHECK    vlc_queue.h
  CHECK    vlc_rand.h
  CHECK    vlc_renderer_discovery.h
  CHECK    vlc_replay_gain.h
  CHECK    vlc_services_discovery.h
  CHECK    vlc_sort.h
  CHECK    vlc_sout.h
  CHECK    vlc_spawn.h
  CHECK    vlc_spu.h
  CHECK    vlc_stream.h
  CHECK    vlc_stream_extractor.h
  CHECK    vlc_strings.h
  CHECK    vlc_subpicture.h
  CHECK    vlc_text_style.h
  CHECK    vlc_threads.h
  CHECK    vlc_tick.h
  CHECK    vlc_timestamp_helper.h
  CHECK    vlc_tls.h
  CHECK    vlc_url.h
  CHECK    vlc_variables.h
  CHECK    vlc_vector.h
  CHECK    vlc_video_splitter.h
  CHECK    vlc_vlm.h
  CHECK    vlc_viewpoint.h
  CHECK    vlc_vout.h
  CHECK    vlc_vout_display.h
  CHECK    vlc_vout_osd.h
  CHECK    vlc_window.h
  CHECK    vlc_xlib.h (SKIPPED)
  CHECK    vlc_xml.h
  CHECK    vlc_cxx_helpers.hpp
  CHECK    vlc_list.hpp
for h in `echo  | sed -e s,\.\./include/,,g`; \
	do \
		echo grep - "#include <$h>" /Users/cam/Documents/Projects/ultima-iv-web/vlc-thumbs/work/upstream/vlc-master-story005/extras/package/macosx/../../../src/test/headers.c ; \
		if ! grep -- "#include <$h>" /Users/cam/Documents/Projects/ultima-iv-web/vlc-thumbs/work/upstream/vlc-master-story005/extras/package/macosx/../../../src/test/headers.c ; \
		then \
			echo "Header $h not included in test/headers.c!"; \
			exit 1; \
		fi ; \
	done
/bin/sh /Users/cam/Documents/Projects/ultima-iv-web/vlc-thumbs/work/upstream/vlc-master-story005/extras/package/macosx/../../../src/check_headers ../include/vlc_access.h ../include/vlc_actions.h ../include/vlc_addons.h ../include/vlc_ancillary.h ../include/vlc_aout.h ../include/vlc_aout_volume.h ../include/vlc_arrays.h ../include/vlc_atomic.h ../include/vlc_avcodec.h ../include/vlc_bits.h ../include/vlc_block.h ../include/vlc_block_helper.h ../include/vlc_boxes.h ../include/vlc_charset.h ../include/vlc_codec.h ../include/vlc_common.h ../include/vlc_config.h ../include/vlc_config_cat.h ../include/vlc_configuration.h ../include/vlc_cpu.h ../include/vlc_clock.h ../include/vlc_chroma_probe.h ../include/vlc_decoder.h ../include/vlc_demux.h ../include/vlc_dialog.h ../include/vlc_diffutil.h ../include/vlc_epg.h ../include/vlc_es.h ../include/vlc_es_out.h ../include/vlc_executor.h ../include/vlc_filter.h ../include/vlc_fingerprinter.h ../include/vlc_fourcc.h ../include/vlc_frame.h ../include/vlc_fs.h ../include/vlc_gcrypt.h ../include/vlc_hash.h ../include/vlc_http.h ../include/vlc_httpd.h ../include/vlc_image.h ../include/vlc_inhibit.h ../include/vlc_input.h ../include/vlc_input_item.h ../include/vlc_interface.h ../include/vlc_interrupt.h ../include/vlc_keystore.h ../include/vlc_list.h ../include/vlc_media_library.h ../include/vlc_media_source.h ../include/vlc_memstream.h ../include/vlc_messages.h ../include/vlc_tracer.h ../include/vlc_meta.h ../include/vlc_meta_fetcher.h ../include/vlc_mime.h ../include/vlc_modules.h ../include/vlc_mouse.h ../include/vlc_network.h ../include/vlc_objects.h ../include/vlc_opengl.h ../include/vlc_opengl_interop.h ../include/vlc_opengl_filter.h ../include/vlc_opengl_picture.h ../include/vlc_opengl_sampler.h ../include/vlc_picture.h ../include/vlc_picture_fifo.h ../include/vlc_picture_pool.h ../include/vlc_player.h ../include/vlc_playlist.h ../include/vlc_playlist_export.h ../include/vlc_plugin.h ../include/vlc_poll.h ../include/vlc_probe.h ../include/vlc_preparser.h ../include/vlc_process.h ../include/vlc_preparser_ipc.h ../include/vlc_queue.h ../include/vlc_rand.h ../include/vlc_renderer_discovery.h ../include/vlc_replay_gain.h ../include/vlc_services_discovery.h ../include/vlc_sort.h ../include/vlc_sout.h ../include/vlc_spawn.h ../include/vlc_spu.h ../include/vlc_stream.h ../include/vlc_stream_extractor.h ../include/vlc_strings.h ../include/vlc_subpicture.h ../include/vlc_text_style.h ../include/vlc_threads.h ../include/vlc_tick.h ../include/vlc_timestamp_helper.h ../include/vlc_tls.h ../include/vlc_url.h ../include/vlc_variables.h ../include/vlc_vector.h ../include/vlc_video_splitter.h ../include/vlc_viewpoint.h ../include/vlc_vlm.h ../include/vlc_vout.h ../include/vlc_vout_display.h ../include/vlc_vout_osd.h ../include/vlc_window.h ../include/vlc_xlib.h ../include/vlc_xml.h  ../include/vlc_cxx_helpers.hpp ../include/vlc_list.hpp 
In file included from checkheader_vlc_cxx_helpers.hpp.check.cpp:1:
In file included from /Applications/Xcode.app/Contents/Developer/Platforms/MacOSX.platform/Developer/SDKs/MacOSX27.0.sdk/usr/include/c++/v1/stdbool.h:25:
In file included from /Applications/Xcode.app/Contents/Developer/Platforms/MacOSX.platform/Developer/SDKs/MacOSX27.0.sdk/usr/include/c++/v1/__config:15:
/Applications/Xcode.app/Contents/Developer/Platforms/MacOSX.platform/Developer/SDKs/MacOSX27.0.sdk/usr/include/c++/v1/__configuration/availability.h:204:4: warning: "The selected platform is no longer supported by libc++." [-W#warnings]
  204 | #  warning "The selected platform is no longer supported by libc++."
      |    ^
In file included from checkheader_vlc_list.hpp.check.cpp:1:
In file included from /Applications/Xcode.app/Contents/Developer/Platforms/MacOSX.platform/Developer/SDKs/MacOSX27.0.sdk/usr/include/c++/v1/stdbool.h:25:
In file included from /Applications/Xcode.app/Contents/Developer/Platforms/MacOSX.platform/Developer/SDKs/MacOSX27.0.sdk/usr/include/c++/v1/__config:15:
/Applications/Xcode.app/Contents/Developer/Platforms/MacOSX.platform/Developer/SDKs/MacOSX27.0.sdk/usr/include/c++/v1/__configuration/availability.h:204:4: warning: "The selected platform is no longer supported by libc++." [-W#warnings]
  204 | #  warning "The selected platform is no longer supported by libc++."
      |    ^
1 warning generated.
1 warning generated.
============================================================================
Testsuite summary for vlc 4.0.0-dev
============================================================================
# TOTAL: 0
# PASS:  0
# SKIP:  0
# XFAIL: 0
# FAIL:  0
# XPASS: 0
# ERROR: 0
============================================================================
Looking for private defines in public headers...
None found.
Making check in modules
/Applications/Xcode.app/Contents/Developer/usr/bin/make  check-recursive
Making check in gui/qt
  GEN      playlist/qml.deps
  GEN      style/qml.deps
  GEN      util/qml.deps
  GEN      widgets/qml.deps
  GEN      menus/qml.deps
  GEN      playercontrols/qml.deps
  GEN      player/qml.deps
  GEN      network/qml.deps
  GEN      dialogs/qml.deps
  GEN      maininterface/qml.deps
  GEN      medialibrary/qml.deps
  GEN      shaders/shaders.deps
/Applications/Xcode.app/Contents/Developer/usr/bin/make  check-am
  GEN      widgets/qml.deps
  GEN      playlist/qml.deps
  GEN      style/qml.deps
  GEN      util/qml.deps
  GEN      menus/qml.deps
  GEN      network/qml.deps
  GEN      player/qml.deps
  GEN      playercontrols/qml.deps
  GEN      dialogs/qml.deps
  GEN      maininterface/qml.deps
  GEN      shaders/shaders.deps
  GEN      medialibrary/qml.deps
/Applications/Xcode.app/Contents/Developer/usr/bin/make  
  GEN      style/qml.deps
  GEN      playlist/qml.deps
  GEN      util/qml.deps
  GEN      widgets/qml.deps
  GEN      menus/qml.deps
  GEN      network/qml.deps
  GEN      player/qml.deps
  GEN      playercontrols/qml.deps
  GEN      shaders/shaders.deps
  GEN      medialibrary/qml.deps
  GEN      maininterface/qml.deps
  GEN      dialogs/qml.deps
/Applications/Xcode.app/Contents/Developer/usr/bin/make  all-am
  GEN      style/qml.deps
  GEN      util/qml.deps
  GEN      widgets/qml.deps
  GEN      playlist/qml.deps
  GEN      network/qml.deps
  GEN      menus/qml.deps
  GEN      player/qml.deps
  GEN      playercontrols/qml.deps
  GEN      maininterface/qml.deps
  GEN      dialogs/qml.deps
  GEN      shaders/shaders.deps
  GEN      medialibrary/qml.deps
make[7]: Nothing to be done for `all-am'.
/Applications/Xcode.app/Contents/Developer/usr/bin/make  check-TESTS
  GEN      util/qml.deps
  GEN      playlist/qml.deps
  GEN      widgets/qml.deps
  GEN      style/qml.deps
  GEN      player/qml.deps
  GEN      menus/qml.deps
  GEN      network/qml.deps
  GEN      playercontrols/qml.deps
  GEN      dialogs/qml.deps
  GEN      maininterface/qml.deps
  GEN      medialibrary/qml.deps
  GEN      shaders/shaders.deps
  GEN      playlist/qml.deps
  GEN      style/qml.deps
  GEN      util/qml.deps
  GEN      widgets/qml.deps
  GEN      player/qml.deps
  GEN      menus/qml.deps
  GEN      network/qml.deps
  GEN      playercontrols/qml.deps
  GEN      shaders/shaders.deps
  GEN      dialogs/qml.deps
  GEN      medialibrary/qml.deps
  GEN      maininterface/qml.deps
============================================================================
Testsuite summary for vlc 4.0.0-dev
============================================================================
# TOTAL: 0
# PASS:  0
# SKIP:  0
# XFAIL: 0
# FAIL:  0
# XPASS: 0
# ERROR: 0
============================================================================
Making check in .
/Applications/Xcode.app/Contents/Developer/usr/bin/make  hpack_test hpackenc_test h2frame_test h2output_test h2conn_test h1conn_test h1chunked_test http_msg_test http_file_test http_tunnel_test rtpfmt_test sdp_test srtp_aes_test srtp_recv_test css_parser_test videotoolbox_dpb_test xiph_test subtitle_plugin_test adaptive_test VLCMacOSXTests  chroma_copy_test libaccesstweaks_plugin.la
  CCLD     hpackenc_test
  CCLD     h2frame_test
  CCLD     hpack_test
  CCLD     h2output_test
clang: warning: argument unused during compilation: '-fcx-limited-range' [-Wunused-command-line-argument]
clang: warning: argument unused during compilation: '-fcx-limited-range' [-Wunused-command-line-argument]
clang: warning: argument unused during compilation: '-fcx-limited-range' [-Wunused-command-line-argument]
  CCLD     h1conn_test
  CCLD     h2conn_test
  CCLD     h1chunked_test
clang: warning: argument unused during compilation: '-fcx-limited-range' [-Wunused-command-line-argument]
  CCLD     http_msg_test
clang: warning: argument unused during compilation: '-fcx-limited-range' [-Wunused-command-line-argument]
clang: warning: argument unused during compilation: '-fcx-limited-range' [-Wunused-command-line-argument]
clang: warning: argument unused during compilation: '-fcx-limited-range' [-Wunused-command-line-argument]
clang: warning: argument unused during compilation: '-fcx-limited-range' [-Wunused-command-line-argument]
  CCLD     http_file_test
  CC       access/rtp/test/rtpfmt.o
  CCLD     http_tunnel_test
  CC       access/rtp/test/sdp.o
  CC       access/rtp/test/srtp-aes.o
  CC       access/rtp/test/srtp-recv.o
In file included from /Users/cam/Documents/Projects/ultima-iv-web/vlc-thumbs/work/upstream/vlc-master-story005/extras/package/macosx/../../../modules/access/rtp/test/srtp-aes.c:21:
/Users/cam/Documents/Projects/ultima-iv-web/vlc-thumbs/work/upstream/vlc-master-story005/extras/package/macosx/../../../modules/access/rtp/test/../srtp.c:219:23: warning: variable length array folded to constant array as an extension [-Wgnu-folding-constant]
  219 |         uint8_t dummy[ctrlen];
      |                       ^~~~~~
  CC       codec/webvtt/css_parser_test-css_parser_test-CSSLexer.o
1 warning generated.
  CCLD     videotoolbox_dpb_test
clang: warning: argument unused during compilation: '-fcx-limited-range' [-Wunused-command-line-argument]
  CCLD     xiph_test
clang: warning: argument unused during compilation: '-fcx-limited-range' [-Wunused-command-line-argument]
  CCLD     subtitle_plugin_test
  CXX      demux/adaptive/test/logic/BufferingLogic.o
In file included from /Users/cam/Documents/Projects/ultima-iv-web/vlc-thumbs/work/upstream/vlc-master-story005/extras/package/macosx/../../../modules/demux/adaptive/test/logic/BufferingLogic.cpp:21:
In file included from ../config.h:896:
In file included from /Users/cam/Documents/Projects/ultima-iv-web/vlc-thumbs/work/upstream/vlc-master-story005/extras/package/macosx/../../../include/vlc_fixups.h:166:
In file included from /Applications/Xcode.app/Contents/Developer/Platforms/MacOSX.platform/Developer/SDKs/MacOSX27.0.sdk/usr/include/c++/v1/stddef.h:30:
In file included from /Applications/Xcode.app/Contents/Developer/Platforms/MacOSX.platform/Developer/SDKs/MacOSX27.0.sdk/usr/include/c++/v1/__config:15:
/Applications/Xcode.app/Contents/Developer/Platforms/MacOSX.platform/Developer/SDKs/MacOSX27.0.sdk/usr/include/c++/v1/__configuration/availability.h:204:4: warning: "The selected platform is no longer supported by libc++." [-W#warnings]
  204 | #  warning "The selected platform is no longer supported by libc++."
      |    ^
clang: warning: argument unused during compilation: '-fcx-limited-range' [-Wunused-command-line-argument]
  CXX      demux/adaptive/test/tools/Conversions.o
clang: warning: argument unused during compilation: '-fcx-limited-range' [-Wunused-command-line-argument]
In file included from /Users/cam/Documents/Projects/ultima-iv-web/vlc-thumbs/work/upstream/vlc-master-story005/extras/package/macosx/../../../modules/demux/adaptive/test/tools/Conversions.cpp:21:
In file included from ../config.h:896:
In file included from /Users/cam/Documents/Projects/ultima-iv-web/vlc-thumbs/work/upstream/vlc-master-story005/extras/package/macosx/../../../include/vlc_fixups.h:166:
In file included from /Applications/Xcode.app/Contents/Developer/Platforms/MacOSX.platform/Developer/SDKs/MacOSX27.0.sdk/usr/include/c++/v1/stddef.h:30:
In file included from /Applications/Xcode.app/Contents/Developer/Platforms/MacOSX.platform/Developer/SDKs/MacOSX27.0.sdk/usr/include/c++/v1/__config:15:
/Applications/Xcode.app/Contents/Developer/Platforms/MacOSX.platform/Developer/SDKs/MacOSX27.0.sdk/usr/include/c++/v1/__configuration/availability.h:204:4: warning: "The selected platform is no longer supported by libc++." [-W#warnings]
  204 | #  warning "The selected platform is no longer supported by libc++."
      |    ^
  CXX      demux/adaptive/test/playlist/Inheritables.o
clang: warning: argument unused during compilation: '-fcx-limited-range' [-Wunused-command-line-argument]
In file included from /Users/cam/Documents/Projects/ultima-iv-web/vlc-thumbs/work/upstream/vlc-master-story005/extras/package/macosx/../../../modules/demux/adaptive/test/playlist/Inheritables.cpp:21:
In file included from ../config.h:896:
In file included from /Users/cam/Documents/Projects/ultima-iv-web/vlc-thumbs/work/upstream/vlc-master-story005/extras/package/macosx/../../../include/vlc_fixups.h:166:
In file included from /Applications/Xcode.app/Contents/Developer/Platforms/MacOSX.platform/Developer/SDKs/MacOSX27.0.sdk/usr/include/c++/v1/stddef.h:30:
In file included from /Applications/Xcode.app/Contents/Developer/Platforms/MacOSX.platform/Developer/SDKs/MacOSX27.0.sdk/usr/include/c++/v1/__config:15:
/Applications/Xcode.app/Contents/Developer/Platforms/MacOSX.platform/Developer/SDKs/MacOSX27.0.sdk/usr/include/c++/v1/__configuration/availability.h:204:4: warning: "The selected platform is no longer supported by libc++." [-W#warnings]
  204 | #  warning "The selected platform is no longer supported by libc++."
      |    ^
  CXX      demux/adaptive/test/playlist/M3U8.o
In file included from /Users/cam/Documents/Projects/ultima-iv-web/vlc-thumbs/work/upstream/vlc-master-story005/extras/package/macosx/../../../modules/demux/adaptive/test/playlist/M3U8.cpp:21:
In file included from ../config.h:896:
In file included from /Users/cam/Documents/Projects/ultima-iv-web/vlc-thumbs/work/upstream/vlc-master-story005/extras/package/macosx/../../../include/vlc_fixups.h:166:
In file included from /Applications/Xcode.app/Contents/Developer/Platforms/MacOSX.platform/Developer/SDKs/MacOSX27.0.sdk/usr/include/c++/v1/stddef.h:30:
In file included from /Applications/Xcode.app/Contents/Developer/Platforms/MacOSX.platform/Developer/SDKs/MacOSX27.0.sdk/usr/include/c++/v1/__config:15:
/Applications/Xcode.app/Contents/Developer/Platforms/MacOSX.platform/Developer/SDKs/MacOSX27.0.sdk/usr/include/c++/v1/__configuration/availability.h:204:4: warning: "The selected platform is no longer supported by libc++." [-W#warnings]
  204 | #  warning "The selected platform is no longer supported by libc++."
      |    ^
1 warning generated.
  CXX      demux/adaptive/test/playlist/SegmentBase.o
1 warning generated.
In file included from /Users/cam/Documents/Projects/ultima-iv-web/vlc-thumbs/work/upstream/vlc-master-story005/extras/package/macosx/../../../modules/demux/adaptive/test/playlist/SegmentBase.cpp:21:
In file included from ../config.h:896:
In file included from /Users/cam/Documents/Projects/ultima-iv-web/vlc-thumbs/work/upstream/vlc-master-story005/extras/package/macosx/../../../include/vlc_fixups.h:166:
In file included from /Applications/Xcode.app/Contents/Developer/Platforms/MacOSX.platform/Developer/SDKs/MacOSX27.0.sdk/usr/include/c++/v1/stddef.h:30:
In file included from /Applications/Xcode.app/Contents/Developer/Platforms/MacOSX.platform/Developer/SDKs/MacOSX27.0.sdk/usr/include/c++/v1/__config:15:
/Applications/Xcode.app/Contents/Developer/Platforms/MacOSX.platform/Developer/SDKs/MacOSX27.0.sdk/usr/include/c++/v1/__configuration/availability.h:204:4: warning: "The selected platform is no longer supported by libc++." [-W#warnings]
  204 | #  warning "The selected platform is no longer supported by libc++."
      |    ^
  CXX      demux/adaptive/test/playlist/SegmentList.o
In file included from /Users/cam/Documents/Projects/ultima-iv-web/vlc-thumbs/work/upstream/vlc-master-story005/extras/package/macosx/../../../modules/demux/adaptive/test/playlist/SegmentList.cpp:21:
In file included from ../config.h:896:
In file included from /Users/cam/Documents/Projects/ultima-iv-web/vlc-thumbs/work/upstream/vlc-master-story005/extras/package/macosx/../../../include/vlc_fixups.h:166:
In file included from /Applications/Xcode.app/Contents/Developer/Platforms/MacOSX.platform/Developer/SDKs/MacOSX27.0.sdk/usr/include/c++/v1/stddef.h:30:
In file included from /Applications/Xcode.app/Contents/Developer/Platforms/MacOSX.platform/Developer/SDKs/MacOSX27.0.sdk/usr/include/c++/v1/__config:15:
/Applications/Xcode.app/Contents/Developer/Platforms/MacOSX.platform/Developer/SDKs/MacOSX27.0.sdk/usr/include/c++/v1/__configuration/availability.h:204:4: warning: "The selected platform is no longer supported by libc++." [-W#warnings]
  204 | #  warning "The selected platform is no longer supported by libc++."
      |    ^
1 warning generated.
  CXX      demux/adaptive/test/playlist/SegmentTemplate.o
In file included from /Users/cam/Documents/Projects/ultima-iv-web/vlc-thumbs/work/upstream/vlc-master-story005/extras/package/macosx/../../../modules/demux/adaptive/test/playlist/SegmentTemplate.cpp:21:
In file included from ../config.h:896:
In file included from /Users/cam/Documents/Projects/ultima-iv-web/vlc-thumbs/work/upstream/vlc-master-story005/extras/package/macosx/../../../include/vlc_fixups.h:166:
In file included from /Applications/Xcode.app/Contents/Developer/Platforms/MacOSX.platform/Developer/SDKs/MacOSX27.0.sdk/usr/include/c++/v1/stddef.h:30:
In file included from /Applications/Xcode.app/Contents/Developer/Platforms/MacOSX.platform/Developer/SDKs/MacOSX27.0.sdk/usr/include/c++/v1/__config:15:
/Applications/Xcode.app/Contents/Developer/Platforms/MacOSX.platform/Developer/SDKs/MacOSX27.0.sdk/usr/include/c++/v1/__configuration/availability.h:204:4: warning: "The selected platform is no longer supported by libc++." [-W#warnings]
  204 | #  warning "The selected platform is no longer supported by libc++."
      |    ^
1 warning generated.
  CXX      demux/adaptive/test/playlist/SegmentTimeline.o
In file included from /Users/cam/Documents/Projects/ultima-iv-web/vlc-thumbs/work/upstream/vlc-master-story005/extras/package/macosx/../../../modules/demux/adaptive/test/playlist/SegmentTimeline.cpp:21:
In file included from ../config.h:896:
In file included from /Users/cam/Documents/Projects/ultima-iv-web/vlc-thumbs/work/upstream/vlc-master-story005/extras/package/macosx/../../../include/vlc_fixups.h:166:
In file included from /Applications/Xcode.app/Contents/Developer/Platforms/MacOSX.platform/Developer/SDKs/MacOSX27.0.sdk/usr/include/c++/v1/stddef.h:30:
In file included from /Applications/Xcode.app/Contents/Developer/Platforms/MacOSX.platform/Developer/SDKs/MacOSX27.0.sdk/usr/include/c++/v1/__config:15:
/Applications/Xcode.app/Contents/Developer/Platforms/MacOSX.platform/Developer/SDKs/MacOSX27.0.sdk/usr/include/c++/v1/__configuration/availability.h:204:4: warning: "The selected platform is no longer supported by libc++." [-W#warnings]
  204 | #  warning "The selected platform is no longer supported by libc++."
      |    ^
1 warning generated.
  CXX      demux/adaptive/test/playlist/TemplatedUri.o
In file included from /Users/cam/Documents/Projects/ultima-iv-web/vlc-thumbs/work/upstream/vlc-master-story005/extras/package/macosx/../../../modules/demux/adaptive/test/playlist/TemplatedUri.cpp:21:
In file included from ../config.h:896:
In file included from /Users/cam/Documents/Projects/ultima-iv-web/vlc-thumbs/work/upstream/vlc-master-story005/extras/package/macosx/../../../include/vlc_fixups.h:166:
In file included from /Applications/Xcode.app/Contents/Developer/Platforms/MacOSX.platform/Developer/SDKs/MacOSX27.0.sdk/usr/include/c++/v1/stddef.h:30:
In file included from /Applications/Xcode.app/Contents/Developer/Platforms/MacOSX.platform/Developer/SDKs/MacOSX27.0.sdk/usr/include/c++/v1/__config:15:
/Applications/Xcode.app/Contents/Developer/Platforms/MacOSX.platform/Developer/SDKs/MacOSX27.0.sdk/usr/include/c++/v1/__configuration/availability.h:204:4: warning: "The selected platform is no longer supported by libc++." [-W#warnings]
  204 | #  warning "The selected platform is no longer supported by libc++."
      |    ^
1 warning generated.
1 warning generated.
  CXX      demux/adaptive/test/plumbing/FakeEsOut.o
  CXX      demux/adaptive/test/plumbing/CommandsQueue.o
In file included from /Users/cam/Documents/Projects/ultima-iv-web/vlc-thumbs/work/upstream/vlc-master-story005/extras/package/macosx/../../../modules/demux/adaptive/test/plumbing/CommandsQueue.cpp:21:
In file included from ../config.h:896:
In file included from /Users/cam/Documents/Projects/ultima-iv-web/vlc-thumbs/work/upstream/vlc-master-story005/extras/package/macosx/../../../include/vlc_fixups.h:166:
In file included from /Applications/Xcode.app/Contents/Developer/Platforms/MacOSX.platform/Developer/SDKs/MacOSX27.0.sdk/usr/include/c++/v1/stddef.h:30:
In file included from /Applications/Xcode.app/Contents/Developer/Platforms/MacOSX.platform/Developer/SDKs/MacOSX27.0.sdk/usr/include/c++/v1/__config:15:
/Applications/Xcode.app/Contents/Developer/Platforms/MacOSX.platform/Developer/SDKs/MacOSX27.0.sdk/usr/include/c++/v1/__configuration/availability.h:204:4: warning: "The selected platform is no longer supported by libc++." [-W#warnings]
In file included from /Users/cam/Documents/Projects/ultima-iv-web/vlc-thumbs/work/upstream/vlc-master-story005/extras/package/macosx/../../../modules/demux/adaptive/test/plumbing/FakeEsOut.cpp  204 | #  warning ":21:
In file included from ../config.h:The selecte896:
In file included from /Users/cam/Documents/Projects/ultima-iv-web/vlc-thumbs/work/upstream/vlc-master-story005/extras/package/macosx/../../../include/vlc_fixups.h:166:
In file included from /Applications/Xcode.app/Contents/Developer/Platforms/MacOSX.platform/Developer/SDKs/MacOSX27.0.sdk/usr/include/c++/v1/stddef.h:d platform is no longer su30pported by l:
In file included from /Applications/Xcode.app/Contents/Developer/Platforms/MacOSX.platform/Developer/SDKs/MacOSX27.0.sdk/usr/include/c++/v1/__config:15:
/Applications/Xcode.app/Contents/Developer/Platforms/MacOSX.platform/Developer/SDKs/MacOSX27.0.sdk/usr/include/c++/v1/__configuration/availability.h:204:4: warning: "The selected platform is no longer supported by libc++." [-W#warnings]
ibc++."
      |    ^  204 | #  warning "The selected pl
atform is no longer supported by libc++."
      |    ^
1 warning generated.
  CXX      demux/adaptive/test/SegmentTracker.o
In file included from /Users/cam/Documents/Projects/ultima-iv-web/vlc-thumbs/work/upstream/vlc-master-story005/extras/package/macosx/../../../modules/demux/adaptive/test/SegmentTracker.cpp:21:
In file included from ../config.h:896:
In file included from /Users/cam/Documents/Projects/ultima-iv-web/vlc-thumbs/work/upstream/vlc-master-story005/extras/package/macosx/../../../include/vlc_fixups.h:166:
In file included from /Applications/Xcode.app/Contents/Developer/Platforms/MacOSX.platform/Developer/SDKs/MacOSX27.0.sdk/usr/include/c++/v1/stddef.h:30:
In file included from /Applications/Xcode.app/Contents/Developer/Platforms/MacOSX.platform/Developer/SDKs/MacOSX27.0.sdk/usr/include/c++/v1/__config:15:
/Applications/Xcode.app/Contents/Developer/Platforms/MacOSX.platform/Developer/SDKs/MacOSX27.0.sdk/usr/include/c++/v1/__configuration/availability.h:204:4: warning: "The selected platform is no longer supported by libc++." [-W#warnings]
  204 | #  warning "The selected platform is no longer supported by libc++."
      |    ^
1 warning generated.
  CXX      demux/adaptive/test/test.o
In file included from /Users/cam/Documents/Projects/ultima-iv-web/vlc-thumbs/work/upstream/vlc-master-story005/extras/package/macosx/../../../modules/demux/adaptive/test/test.cpp:21:
In file included from ../config.h:896:
In file included from /Users/cam/Documents/Projects/ultima-iv-web/vlc-thumbs/work/upstream/vlc-master-story005/extras/package/macosx/../../../include/vlc_fixups.h:166:
In file included from /Applications/Xcode.app/Contents/Developer/Platforms/MacOSX.platform/Developer/SDKs/MacOSX27.0.sdk/usr/include/c++/v1/stddef.h:30:
In file included from /Applications/Xcode.app/Contents/Developer/Platforms/MacOSX.platform/Developer/SDKs/MacOSX27.0.sdk/usr/include/c++/v1/__config:15:
/Applications/Xcode.app/Contents/Developer/Platforms/MacOSX.platform/Developer/SDKs/MacOSX27.0.sdk/usr/include/c++/v1/__configuration/availability.h:204:4: warning: "The selected platform is no longer supported by libc++." [-W#warnings]
  204 | #  warning "The selected platform is no longer supported by libc++."
      |    ^
1 warning generated.
1 warning generated.
  OBJC     gui/macosx/tests/VLCMacOSXTests-VLCHexNumberFormatterTest.o
  OBJC     gui/macosx/tests/VLCMacOSXTests-NSStringHelpersTest.o
1 warning generated.
  OBJC     gui/macosx/tests/VLCMacOSXTests-VLCLibraryDataTypesTest.o
1 warning generated.
  OBJC     gui/macosx/tests/VLCMacOSXTests-VLCLibraryDataTypesTestSupport.o
  OBJC     gui/macosx/tests/VLCMacOSXTests-VLCInputItemTest.o
  OBJC     gui/macosx/tests/VLCMacOSXTests-VLCInputItemTestSupport.o
  OBJC     gui/macosx/tests/VLCMacOSXTests-VLCInputNodeTest.o
  OBJC     gui/macosx/tests/VLCMacOSXTests-VLCLibraryDataTypesIntegrationTest.o
  OBJC     gui/macosx/tests/VLCMacOSXTests-VLCLibraryDataTypesIntegrationTestSupport.o
/Users/cam/Documents/Projects/ultima-iv-web/vlc-thumbs/work/upstream/vlc-master-story005/extras/package/macosx/../../../modules/gui/macosx/tests/VLCInputItemTestSupport.m:161:1: warning: category is implementing a method which will also be implemented by its primary class [-Wobjc-protocol-method-implementation]
  161 | - (void)activateFileViewerSelectingURLs:(NSArray<NSURL *> *)fileURLs
      | ^
/Applications/Xcode.app/Contents/Developer/Platforms/MacOSX.platform/Developer/SDKs/MacOSX27.0.sdk/System/Library/Frameworks/AppKit.framework/Headers/NSWorkspace.h:53:1: note: method 'activateFileViewerSelectingURLs:' declared here
   53 | - (void)activateFileViewerSelectingURLs:(NSArray<NSURL *> *)fileURLs API_AVAILABLE(macos(10.6));
      | ^
/Users/cam/Documents/Projects/ultima-iv-web/vlc-thumbs/work/upstream/vlc-master-story005/extras/package/macosx/../../../modules/gui/macosx/tests/VLCInputItemTestSupport.m:156:1: warning: category is implementing a method which will also be implemented by its primary class [-Wobjc-protocol-method-implementation]
  156 | - (NSImage *)iconForFile:(NSString * __unused)fullPath
      | ^
/Applications/Xcode.app/Contents/Developer/Platforms/MacOSX.platform/Developer/SDKs/MacOSX27.0.sdk/System/Library/Frameworks/AppKit.framework/Headers/NSWorkspace.h:66:1: note: method 'iconForFile:' declared here
   66 | - (NSImage *)iconForFile:(NSString *)fullPath;
      | ^
2 warnings generated.
  OBJC     gui/macosx/tests/VLCMacOSXTests-VLCLogMessageTest.o
  OBJC     gui/macosx/tests/VLCMacOSXTests-VLCPositionFormatterTest.o
  OBJC     gui/macosx/tests/VLCMacOSXTests-VLCTimeFormatterTest.o
  OBJC     gui/macosx/extensions/VLCMacOSXTests-VLCHexNumberFormatter.o
  OBJC     gui/macosx/extensions/VLCMacOSXTests-VLCPositionFormatter.o
  OBJC     gui/macosx/extensions/VLCMacOSXTests-NSString+Helpers.o
  OBJC     gui/macosx/library/VLCMacOSXTests-VLCLibraryDataTypes.o
  OBJC     gui/macosx/library/VLCMacOSXTests-VLCInputItem.o
  OBJC     gui/macosx/library/VLCMacOSXTests-VLCInputNode.o
/Users/cam/Documents/Projects/ultima-iv-web/vlc-thumbs/work/upstream/vlc-master-story005/extras/package/macosx/../../../modules/gui/macosx/extensions/NSString+Helpers.m:396:61: warning: 'kIOMasterPortDefault' is deprecated: first deprecated in macOS 12.0 [-Wdeprecated-declarations]
  396 |     CFMutableDictionaryRef matchingDict = IOBSDNameMatching(kIOMasterPortDefault, 0, [bsdName UTF8String]);
      |                                                             ^~~~~~~~~~~~~~~~~~~~
      |                                                             kIOMainPortDefault
/Applications/Xcode.app/Contents/Developer/Platforms/MacOSX.platform/Developer/SDKs/MacOSX27.0.sdk/System/Library/Frameworks/IOKit.framework/Headers/IOKitLib.h:133:19: note: 'kIOMasterPortDefault' has been explicitly marked deprecated here
  133 | const mach_port_t kIOMasterPortDefault
      |                   ^
/Users/cam/Documents/Projects/ultima-iv-web/vlc-thumbs/work/upstream/vlc-master-story005/extras/package/macosx/../../../modules/gui/macosx/extensions/NSString+Helpers.m:399:56: warning: 'kIOMasterPortDefault' is deprecated: first deprecated in macOS 12.0 [-Wdeprecated-declarations]
  399 |     io_service_t service = IOServiceGetMatchingService(kIOMasterPortDefault, matchingDict);
      |                                                        ^~~~~~~~~~~~~~~~~~~~
      |                                                        kIOMainPortDefault
/Applications/Xcode.app/Contents/Developer/Platforms/MacOSX.platform/Developer/SDKs/MacOSX27.0.sdk/System/Library/Frameworks/IOKit.framework/Headers/IOKitLib.h:133:19: note: 'kIOMasterPortDefault' has been explicitly marked deprecated here
  133 | const mach_port_t kIOMasterPortDefault
      |                   ^
2 warnings generated.
  OBJC     gui/macosx/windows/logging/VLCMacOSXTests-VLCLogMessage.o
  OBJC     gui/macosx/views/VLCMacOSXTests-VLCTimeFormatter.o
  CC       video_chroma/chroma_copy_test-copy.o
  CC       stream_filter/accesstweaks.lo
  CCLD     rtpfmt_test
  CCLD     sdp_test
  CCLD     srtp_aes_test
clang: warning: argument unused during compilation: '-fcx-limited-range' [-Wunused-command-line-argument]
clang: warning: argument unused during compilation: '-fcx-limited-range' [-Wunused-command-line-argument]
  CCLD     srtp_recv_test
  CCLD     css_parser_test
clang: warning: argument unused during compilation: '-fcx-limited-range' [-Wunused-command-line-argument]
  CXXLD    adaptive_test
clang: warning: argument unused during compilation: '-fcx-limited-range' [-Wunused-command-line-argument]
  CCLD     chroma_copy_test
clang: warning: argument unused during compilation: '-fcx-limited-range' [-Wunused-command-line-argument]
  CCLD     libaccesstweaks_plugin.la
clang++: warning: argument unused during compilation: '-fcx-limited-range' [-Wunused-command-line-argument]
clang: warning: argument unused during compilation: '-fcx-limited-range' [-Wunused-command-line-argument]
  GEN      VLCMacOSXTests
/Applications/Xcode.app/Contents/Developer/usr/bin/make  check-TESTS
============================================================================
Testsuite summary for vlc 4.0.0-dev
============================================================================
# TOTAL: 0
# PASS:  0
# SKIP:  0
# XFAIL: 0
# FAIL:  0
# XPASS: 0
# ERROR: 0
============================================================================
Making check in lib
/Applications/Xcode.app/Contents/Developer/usr/bin/make  check-am
/Applications/Xcode.app/Contents/Developer/usr/bin/make  checkheader_libvlc_h checkheader_libvlc_dialog_h checkheader_libvlc_downloader_h checkheader_libvlc_media_h checkheader_libvlc_media_discoverer_h checkheader_libvlc_media_list_h checkheader_libvlc_media_list_player_h checkheader_libvlc_media_player_h checkheader_libvlc_media_track_h checkheader_libvlc_parser_h checkheader_libvlc_renderer_discoverer_h checkheader_libvlc_picture_h checkheader_libvlc_version_h checkheader_libvlc_video_h checkheader_vlc_h
  CHECK    vlc/libvlc.h
  CHECK    vlc/libvlc_dialog.h
  CHECK    vlc/libvlc_downloader.h
  CHECK    vlc/libvlc_media.h
  CHECK    vlc/libvlc_media_list.h
  CHECK    vlc/libvlc_media_discoverer.h
  CHECK    vlc/libvlc_media_list_player.h
  CHECK    vlc/libvlc_media_player.h
  CHECK    vlc/libvlc_parser.h
  CHECK    vlc/libvlc_media_track.h
  CHECK    vlc/libvlc_picture.h
  CHECK    vlc/libvlc_renderer_discoverer.h
  CHECK    vlc/libvlc_version.h
  CHECK    vlc/vlc.h
  CHECK    vlc/libvlc_video.h
/Applications/Xcode.app/Contents/Developer/usr/bin/make  check-local
/bin/sh /Users/cam/Documents/Projects/ultima-iv-web/vlc-thumbs/work/upstream/vlc-master-story005/extras/package/macosx/../../../src/check_headers ../include/vlc/libvlc.h ../include/vlc/libvlc_dialog.h ../include/vlc/libvlc_downloader.h ../include/vlc/libvlc_media.h ../include/vlc/libvlc_media_discoverer.h ../include/vlc/libvlc_media_list.h ../include/vlc/libvlc_media_list_player.h ../include/vlc/libvlc_media_player.h ../include/vlc/libvlc_media_track.h ../include/vlc/libvlc_parser.h ../include/vlc/libvlc_renderer_discoverer.h ../include/vlc/libvlc_picture.h ../include/vlc/libvlc_version.h ../include/vlc/libvlc_video.h ../include/vlc/vlc.h
Looking for private defines in public headers...
None found.
Making check in doc
/Applications/Xcode.app/Contents/Developer/usr/bin/make  samples_libvlc_example samples_libvlc_thumbnailer samples_libvlc_downloader samples_libvlc_parser samples_libvlc_media_discoverer samples_libvlc_renderer_discoverer samples_libvlc_player 
  CC       libvlc/example.o
  CC       libvlc/downloader.o
  CC       libvlc/thumbnailer.o
  CC       libvlc/parser.o
/Users/cam/Documents/Projects/ultima-iv-web/vlc-thumbs/work/upstream/vlc-master-story005/extras/package/macosx/../../../doc/libvlc/downloader.c:181:5: warning: 'sem_init' is deprecated [-Wdeprecated-declarations]
  181 |     sem_init(&done_sem, 0, 0);
      |     ^
/Users/cam/Documents/Projects/ultima-iv-web/vlc-thumbs/work/upstream/vlc-master-story005/extras/package/macosx/../../../doc/libvlc/parser.c:/Applications/Xcode.app/Contents/Developer/Platforms/MacOSX.platform/Developer/SDKs/MacOSX27.0.sdk/usr/include/sys/semaphore.h:55:42: note: 'sem_init' has been explicitly marked deprecated here
173:   55 | int sem_init(sem_t *, 5: warning: 'sem_init' is deprecated [-Wdeprecated-declarations]
int, unsigned int)   173 |     sem_init(&sem, 0, 0);
      |     ^
__deprecated;
      |                                          ^
/Applications/Xcode.app/Contents/Developer/Platforms/MacOSX.platform/Developer/SDKs/MacOSX27.0.sdk/usr/include/sys/semaphore.h:55:42: note: 'sem_init' has been explicitly marked deprecated here
/Applications/Xcode.app/Contents/Developer/Platforms/MacOSX.platform/Developer/SDKs/MacOSX27.0.sdk/usr/include/sys/cdefs.h:223:40: note: expanded from macro '__deprecated'
   55 | int sem_init(sem_t   223 | #defi*, int, unsigned int) __deprecated;
      |                                          ^
ne __deprecated    __a/Applications/Xcode.app/Contents/Developer/Platforms/MacOSX.platform/Developer/SDKs/MacOSX27.0.sdk/usr/include/sys/cdefs.h:223:40: /Users/cam/Documents/Projects/ultima-iv-web/vlc-thumbs/work/upstream/vlc-master-story005/extras/package/macosx/../../../doc/libvlc/thumbnailer.c:125:ttribute__((__de5: warning: 'sem_init' is deprecated [-Wdeprecated-declarations]
prnote: expanded from macro '__deprecated'
  125 |     223 | ecated__))
      |                                        ^
#d  sem_init(&c/Users/cam/Documents/Projects/ultima-iv-web/vlc-thumbs/work/upstream/vlc-master-story005/extras/package/macosx/../../../doc/libvlc/downloader.c:188:9:tx.sem,  warning: 'sem_destroy' is deprecated [-Wdeprecated-declarations]
0, 0)efine __deprecate;
      | d    __  188 |           ^
 /Applications/Xcode.app/Contents/Developer/Platforms/MacOSX.platform/Developer/SDKs/MacOSX27.0.sdk/usr/include/sys/semaphore.h:55attr:42: note: 'sem_init' has been explicitly marked deprecated here
 sem_destroibute__((   55 | int sem_iny(&done_semit();
      __depsem_t |         ^
*, recat/Applications/Xcode.app/Contents/Developer/Platforms/MacOSX.platform/Developer/SDKs/MacOSX27.0.sdk/usr/include/sys/semaphore.h:53int, unsigned int) __deprecate:26: d;
      |                                          ^ed__))note: 'sem_destroy' has been explicitly marked deprecated here

   53 | int/Applications/Xcode.app/Contents/Developer/Platforms/MacOSX.platform/Developer/SDKs/MacOSX27.0.sdk/usr/include/sys/cdefs.h:223
      |                                        ^
:40: note: expanded from macro '__deprecated'
 sem_destroy/Users/cam/Documents/Projects/ultima-iv-web/vlc-thumbs/work/upstream/vlc-master-story005/extras/package/macosx/../../../doc/libvlc/parser.c:184:9  223 | #define: warning: 'sem_destroy' is deprecated [-Wdeprecated-declarations]
 __d  184 |      ep(sem_t *) _   sem_derecated    _stroy(&se_attribm);
      _deprecated;
      | |         ^
/Applications/Xcode.app/Contents/Developer/Platforms/MacOSX.platform/Developer/SDKs/MacOSX27.0.sdk/usr/include/sys/semaphore.h:53:26: note: 'sem_destroy' has been explicitly marked deprecated here
   53                         ^
 | int/Applications/Xcode.app/Contents/Developer/Platforms/MacOSX.platform/Developer/SDKs/MacOSX27.0.sdk/usr/include/sys/cdefs.h:223:40: note: expanded from macro '__deprecated'
ute__((_  223 | #define __dep_deprec sem_drecaatedtedes__))
      |                                        ^
troy(sem    __attribute__((__deprecated__))
      |                                        ^
_t *) __deprecated;
      |                          ^
/Applications/Xcode.app/Contents/Developer/Platforms/MacOSX.platform/Developer/SDKs/MacOSX27.0.sdk/usr/include/sys/cdefs.h:223:40: note: expanded from macro '__deprecated'
  223 | #define __depreca/Users/cam/Documents/Projects/ultima-iv-web/vlc-thumbs/work/upstream/vlc-master-story005/extras/package/macosx/../../../doc/libvlc/downloader.c:245:5: warning: 'sem_destroy' is deprecated [-Wdeprecated-declarations]
ted    __attribute__((__d  245 |     sem_destroy(&done_sem);
      |     ^
eprecated__))
      |                                        ^
/Applications/Xcode.app/Contents/Developer/Platforms/MacOSX.platform/Developer/SDKs/MacOSX27.0.sdk/usr/include/sys/semaphore.h:53:26: note: 'sem_destroy' has been explicitly marked deprecated here
   53 | int sem_destroy(sem_t/Users/cam/Documents/Projects/ultima-iv-web/vlc-thumbs/work/upstream/vlc-master-story005/extras/package/macosx/../../../doc/libvlc/parser.c:209:5: warning: 'sem_destroy' is deprecated [-Wdeprecated-declarations]
  209 |     sem_destroy(&sem);
      |     ^
 *) __deprecated;
      |                          ^
/Applications/Xcode.app/Contents/Developer/Platforms/MacOSX.platform/Developer/SDKs/MacOSX27.0.sdk/usr/include/sys/semaphore.h:53:26: note: 'sem_destroy' has been explicitly marked deprecated here
/Applications/Xcode.app/Contents/Developer/Platforms/MacOSX.platform/Developer/SDKs/MacOSX27.0.sdk/usr/include/sys/cdefs.h:223:40: note: expanded from macro '__deprecated'
  223 | #define __deprecate   53 | int sem_destroy(sem_td     *__attribute__((__deprecated__))
      |                                        ^) __deprecated;
      |                          ^
/Applications/Xcode.app/Contents/Developer/Platforms/MacOSX.platform/Developer/SDKs/MacOSX27.0.sdk/usr/include/sys/cdefs.h:223:40: note: expanded from macro '__deprecated'
  223 | #
define __deprecated    __attribute__((__deprecated__))
      |                                        ^
  CC       libvlc/media_discoverer.o
1 warning generated.
3 warnings generated.
3 warnings generated.
  CC       libvlc/renderer_discoverer.o
  CC       libvlc/player.o
  CCLD     samples_libvlc_example
  CCLD     samples_libvlc_thumbnailer
  CCLD     samples_libvlc_downloader
  CCLD     samples_libvlc_parser
clang: warning: argument unused during compilation: '-fcx-limited-range' [-Wunused-command-line-argument]
clang: warning: argument unused during compilation: '-fcx-limited-range' [-Wunused-command-line-argument]
clang: warning: argument unused during compilation: '-fcx-limited-range' [-Wunused-command-line-argument]
  CCLD     samples_libvlc_media_discoverer
  CCLD     samples_libvlc_renderer_discoverer
  CCLD     samples_libvlc_player
clang: warning: argument unused during compilation: '-fcx-limited-range' [-Wunused-command-line-argument]
clang: warning: argument unused during compilation: '-fcx-limited-range' [-Wunused-command-line-argument]
clang: warning: argument unused during compilation: '-fcx-limited-range' [-Wunused-command-line-argument]
clang: warning: argument unused during compilation: '-fcx-limited-range' [-Wunused-command-line-argument]
Making check in bin
  GEN      ../modules/plugins.dat
Making check in test
/Applications/Xcode.app/Contents/Developer/usr/bin/make  test_libvlc_core test_libvlc_downloader test_libvlc_equalizer test_libvlc_media test_libvlc_media_callback test_libvlc_media_thumbnail_argb test_libvlc_media_thumbnail_rgba test_libvlc_media_thumbnail_jpeg test_libvlc_media_thumbnail_png test_libvlc_media_thumbnail_webp test_libvlc_media_list test_libvlc_media_list_player test_libvlc_media_player test_libvlc_video_callback test_libvlc_media_player_record test_libvlc_media_discoverer test_libvlc_renderer_discoverer test_libvlc_slaves test_src_config_chain test_src_clock_clock test_src_clock_start test_src_misc_ancillary test_src_misc_variables test_src_input_stream test_src_input_stream_fifo test_src_preparser_cmp_internal_external test_src_preparser_thumbnail test_src_preparser_thumbnail_to_files test_src_input_decoder test_src_interface_dialog test_src_media_source test_src_misc_bits test_src_misc_chroma_probe test_src_misc_epg test_src_misc_keystore test_src_misc_image test_src_misc_viewpoint test_src_video_output test_src_video_output_inhibit test_src_video_output_opengl test_src_video_output_spu test_modules_lua_extension test_modules_misc_medialibrary test_modules_packetizer_helpers test_modules_packetizer_hxxx test_modules_packetizer_h264 test_modules_packetizer_h266 test_modules_packetizer_h266_nal test_modules_packetizer_hevc test_modules_packetizer_mpegvideo test_modules_codec_hxxx_helper test_modules_codec_cea708 test_modules_codec_cea708_aspect_ratio test_modules_codec_cea708_integration test_modules_keystore test_modules_demux_json test_modules_demux_libmp4 test_modules_demux_timestamps test_modules_demux_timestamps_filter test_modules_demux_ts_pes test_modules_playlist_m3u test_modules_stream_out_pcr_sync test_modules_stream_out_sdi test_modules_tls test_modules_stream_out_transcode test_modules_mux_webvtt test_modules_stream_out_hls_subtitles_segmenter test_src_player_abloop test_src_player_attachments test_src_player_capabilities test_src_player_discontinuities test_src_player_eof test_src_player_errors test_src_player_es_selection test_src_player_lifecycle test_src_player_loudness test_src_player_media test_src_player_next_prev test_src_player_outputs test_src_player_pause test_src_player_programs test_src_player_seeks test_src_player_teletext test_src_player_timers test_src_player_titles test_src_player_tracks test_src_player_tracks_ids test_modules_video_output_opengl_filters test_modules_video_output_opengl_sub_renderer  test_src_misc_image_cvpx test_modules_lua_playlist_parser  test_libvlc_meta modules/lua/telnet.sh check_POTFILES.sh \
	  libvlc/test.h libvlc/media_utils.h libvlc/media_player.h
  CC       src/misc/bits.o
  CC       src/misc/chroma_probe.o
  CC       src/misc/epg.o
  CC       src/misc/keystore.o
  CC       src/misc/viewpoint.o
  CC       src/misc/image.o
  CC       ../modules/packetizer/h266_nal.o
  CC       ../modules/codec/hxxx_helper.o
  CC       ../modules/packetizer/hxxx_nal.o
  CC       ../modules/packetizer/h264_slice.o
  CC       ../modules/packetizer/h264_nal.o
  CC       ../modules/packetizer/hevc_nal.o
  CC       modules/codec/cea708.o
  CC       ../modules/codec/cea708.o
  CC       modules/codec/cea708_aspect_ratio.o
  CC       modules/codec/cea708_integration.o
  CC       ../modules/demux/mp4/libmp4.o
  CC       ../modules/demux/mpeg/ts_pes.o
  CC       ../modules/stream_out/transcode/pcr_sync.o
  CC       ../modules/stream_out/transcode/pcr_helper.o
  CXX      modules/stream_out/sdi.o
  CXX      ../modules/stream_out/sdi/SDIStream.o
  CC       modules/misc/tls.o
In file included from /Users/cam/Documents/Projects/ultima-iv-web/vlc-thumbs/work/upstream/vlc-master-story005/extras/package/macosx/../../../test/modules/stream_out/sdi.cpp:24:
In file included from ../config.h:896:
In file included from /Users/cam/Documents/Projects/ultima-iv-web/vlc-thumbs/work/upstream/vlc-master-story005/extras/package/macosx/../../../include/vlc_fixups.h:166:
In file included from /Applications/Xcode.app/Contents/Developer/Platforms/MacOSX.platform/Developer/SDKs/MacOSX27.0.sdk/usr/include/c++/v1/stddef.h:30:
In file included from /Applications/Xcode.app/Contents/Developer/Platforms/MacOSX.platform/Developer/SDKs/MacOSX27.0.sdk/usr/include/c++/v1/__config:15:
/Applications/Xcode.app/Contents/Developer/Platforms/MacOSX.platform/Developer/SDKs/MacOSX27.0.sdk/usr/include/c++/v1/__configuration/availability.h:204:4: warning: "The selected platform is no longer supported by libc++." [-W#warnings]
  204 | #  warning "The selected platform is no longer supported by libc++."
      |    ^
In file included from /Users/cam/Documents/Projects/ultima-iv-web/vlc-thumbs/work/upstream/vlc-master-story005/extras/package/macosx/../../../test/../modules/stream_out/sdi/SDIStream.cpp:21:
In file included from ../config.h:896:
In file included from /Users/cam/Documents/Projects/ultima-iv-web/vlc-thumbs/work/upstream/vlc-master-story005/extras/package/macosx/../../../include/vlc_fixups.h:166:
In file included from /Applications/Xcode.app/Contents/Developer/Platforms/MacOSX.platform/Developer/SDKs/MacOSX27.0.sdk/usr/include/c++/v1/stddef.h:30:
In file included from /Applications/Xcode.app/Contents/Developer/Platforms/MacOSX.platform/Developer/SDKs/MacOSX27.0.sdk/usr/include/c++/v1/__config:15:
/Applications/Xcode.app/Contents/Developer/Platforms/MacOSX.platform/Developer/SDKs/MacOSX27.0.sdk/usr/include/c++/v1/__configuration/availability.h:204:4: warning: "The selected platform is no longer supported by libc++." [-W#warnings]
  204 | #  warning "The selected platform is no longer supported by libc++."
      |    ^
  CC       modules/stream_out/transcode.o
  CC       modules/stream_out/transcode_scenarios.o
  CC       ../modules/stream_out/hls/subtitles_segmenter.o
1 warning generated.
  CC       ../modules/video_output/opengl/test_modules_video_output_opengl_filters-filter.o
  CC       ../modules/video_output/opengl/test_modules_video_output_opengl_filters-filters.o
  CC       ../modules/video_output/opengl/test_modules_video_output_opengl_filters-gl_api.o
  CC       ../modules/video_output/opengl/test_modules_video_output_opengl_filters-interop.o
  CC       ../modules/video_output/opengl/test_modules_video_output_opengl_filters-importer.o
1 warning generated.
  CC       modules/video_output/opengl/test_modules_video_output_opengl_sub_renderer-sub_renderer.o
  CC       ../modules/video_output/opengl/test_modules_video_output_opengl_sub_renderer-sub_renderer.o
  CC       ../modules/video_output/opengl/test_modules_video_output_opengl_sub_renderer-filter.o
  CC       ../modules/video_output/opengl/test_modules_video_output_opengl_sub_renderer-gl_api.o
  CC       ../modules/video_output/opengl/test_modules_video_output_opengl_sub_renderer-gl_util.o
  CC       ../modules/video_output/opengl/test_modules_video_output_opengl_sub_renderer-interop.o
  CC       src/misc/image_cvpx.o
  CC       modules/lua/test_modules_lua_playlist_parser-playlist_parser.o
make[3]: Nothing to be done for `/Users/cam/Documents/Projects/ultima-iv-web/vlc-thumbs/work/upstream/vlc-master-story005/extras/package/macosx/../../../test/modules/lua/telnet.sh'.
make[3]: Nothing to be done for `/Users/cam/Documents/Projects/ultima-iv-web/vlc-thumbs/work/upstream/vlc-master-story005/extras/package/macosx/../../../test/check_POTFILES.sh'.
make[3]: Nothing to be done for `/Users/cam/Documents/Projects/ultima-iv-web/vlc-thumbs/work/upstream/vlc-master-story005/extras/package/macosx/../../../test/libvlc/test.h'.
make[3]: Nothing to be done for `/Users/cam/Documents/Projects/ultima-iv-web/vlc-thumbs/work/upstream/vlc-master-story005/extras/package/macosx/../../../test/libvlc/media_utils.h'.
make[3]: Nothing to be done for `/Users/cam/Documents/Projects/ultima-iv-web/vlc-thumbs/work/upstream/vlc-master-story005/extras/package/macosx/../../../test/libvlc/media_player.h'.
  CC       libvlc/meta.o
  CC       libvlc/core.o
  CC       libvlc/downloader.o
  CC       libvlc/equalizer.o
  CC       libvlc/media.o
  CC       libvlc/media_callback.o
/Users/cam/Documents/Projects/ultima-iv-web/vlc-thumbs/work/upstream/vlc-master-story005/extras/package/macosx/../../../test/libvlc/media.c:265:21: warning: variable length array folded to constant array as an extension [-Wgnu-folding-constant]
  265 |     char psz_fd_uri[strlen("fd://") + 11];
      |                     ^~~~~~~~~~~~~~~~~~~~
  CC       libvlc/test_libvlc_media_thumbnail_argb-thumbnailer.o
/Users/cam/Documents/Projects/ultima-iv-web/vlc-thumbs/work/upstream/vlc-master-story005/extras/package/macosx/../../../test/libvlc/media.c:296:9: warning: call to 'harmful_delay' declared with 'warning' attribute: use proper event handling instead of short delay [-Wattribute-warning]
  296 |         vlc_tick_sleep( VLC_TICK_FROM_MS(wait_and_cancel) );
      |         ^
/Users/cam/Documents/Projects/ultima-iv-web/vlc-thumbs/work/upstream/vlc-master-story005/extras/package/macosx/../../../include/vlc_threads.h:864:42: note: expanded from macro 'vlc_tick_sleep'
  864 | #define vlc_tick_sleep(d) vlc_tick_sleep(check_delay(d))
      |                                          ^
/Users/cam/Documents/Projects/ultima-iv-web/vlc-thumbs/work/upstream/vlc-master-story005/extras/package/macosx/../../../include/vlc_threads.h:848:14: note: expanded from macro 'check_delay'
  848 |            ? harmful_delay(d) \
      |              ^
/Users/cam/Documents/Projects/ultima-iv-web/vlc-thumbs/work/upstream/vlc-master-story005/extras/package/macosx/../../../test/libvlc/media_callback.c:274:19: warning: suspicious concatenation of string literals in an array initialization; did you mean to separate the elements with a comma? [-Wstring-concatenation]
  274 |         "--demux="MODULE_STRING,
      |                   ^
      |                   ,
/Users/cam/Documents/Projects/ultima-iv-web/vlc-thumbs/work/upstream/vlc-master-story005/extras/package/macosx/../../../include/vlc_plugin.h:252:25: note: expanded from macro 'MODULE_STRING'
  252 | # define MODULE_STRING  STRINGIFY_NAME(MODULE_NAME)
      |                         ^
/Users/cam/Documents/Projects/ultima-iv-web/vlc-thumbs/work/upstream/vlc-master-story005/extras/package/macosx/../../../include/vlc_plugin.h:243:31: note: expanded from macro 'STRINGIFY_NAME'
  243 | #define STRINGIFY_NAME( z )   STRINGIFY_NAME_( z )
      |                               ^
/Users/cam/Documents/Projects/ultima-iv-web/vlc-thumbs/work/upstream/vlc-master-story005/extras/package/macosx/../../../include/vlc_plugin.h:242:30: note: expanded from macro 'STRINGIFY_NAME_'
  242 | #define STRINGIFY_NAME_( z ) #z
      |                              ^
<scratch space>:5:1: note: expanded from here
    5 | "test_imem"
      | ^
/Users/cam/Documents/Projects/ultima-iv-web/vlc-thumbs/work/upstream/vlc-master-story005/extras/package/macosx/../../../test/libvlc/media_callback.c:274:9: note: place parentheses around the string literal to silence warning
  274 |         "--demux="MODULE_STRING,
      |         ^
2 warnings generated.
  CC       libvlc/test_libvlc_media_thumbnail_rgba-thumbnailer.o
  CC       libvlc/test_libvlc_media_thumbnail_jpeg-thumbnailer.o
1 warning generated.
  CC       libvlc/test_libvlc_media_thumbnail_png-thumbnailer.o
  CC       libvlc/test_libvlc_media_thumbnail_webp-thumbnailer.o
  CC       libvlc/media_list.o
  CC       libvlc/media_list_player.o
  CC       libvlc/media_player.o
  CC       libvlc/video_callback.o
  CC       libvlc/media_player_record.o
  CC       libvlc/media_discoverer.o
  CC       libvlc/renderer_discoverer.o
  CC       libvlc/slaves.o
  CC       src/config/chain.o
  CC       src/clock/clock.o
  CC       src/clock/clock_start.o
  CC       src/misc/ancillary.o
  CC       src/misc/variables.o
  CC       src/input/stream.o
  CC       src/input/stream_fifo.o
  CC       src/preparser/cmp_internal_external.o
  CC       src/preparser/thumbnail.o
  CC       src/preparser/thumbnail_to_files.o
  CC       src/input/decoder/input_decoder.o
  CC       src/input/decoder/input_decoder_scenarios.o
  CC       src/interface/dialog.o
  CC       src/media_source/media_source.o
  CCLD     test_src_misc_bits
  CCLD     test_src_misc_chroma_probe
/Users/cam/Documents/Projects/ultima-iv-web/vlc-thumbs/work/upstream/vlc-master-story005/extras/package/macosx/../../../test/src/interface/dialog.c:211:5: warning: call to 'harmful_delay' declared with 'warning' attribute: use proper event handling instead of short delay [-Wattribute-warning]
  211 |     vlc_tick_sleep(i_dialog_wait);
      |     ^
/Users/cam/Documents/Projects/ultima-iv-web/vlc-thumbs/work/upstream/vlc-master-story005/extras/package/macosx/../../../include/vlc_threads.h:864:42: note: expanded from macro 'vlc_tick_sleep'
  864 | #define vlc_tick_sleep(d) vlc_tick_sleep(check_delay(d))
      |                                          ^
/Users/cam/Documents/Projects/ultima-iv-web/vlc-thumbs/work/upstream/vlc-master-story005/extras/package/macosx/../../../include/vlc_threads.h:848:14: note: expanded from macro 'check_delay'
  848 |            ? harmful_delay(d) \
      |              ^
/Users/cam/Documents/Projects/ultima-iv-web/vlc-thumbs/work/upstream/vlc-master-story005/extras/package/macosx/../../../test/src/interface/dialog.c:224:9: warning: call to 'harmful_delay' declared with 'warning' attribute: use proper event handling instead of short delay [-Wattribute-warning]
  224 |         vlc_tick_sleep(i_dialog_wait / 30);
      |         ^
/Users/cam/Documents/Projects/ultima-iv-web/vlc-thumbs/work/upstream/vlc-master-story005/extras/package/macosx/../../../include/vlc_threads.h:864:42: note: expanded from macro 'vlc_tick_sleep'
  864 | #define vlc_tick_sleep(d) vlc_tick_sleep(check_delay(d))
      |                                          ^
/Users/cam/Documents/Projects/ultima-iv-web/vlc-thumbs/work/upstream/vlc-master-story005/extras/package/macosx/../../../include/vlc_threads.h:848:14: note: expanded from macro 'check_delay'
  848 |            ? harmful_delay(d) \
      |              ^
/Users/cam/Documents/Projects/ultima-iv-web/vlc-thumbs/work/upstream/vlc-master-story005/extras/package/macosx/../../../test/src/interface/dialog.c:233:9: warning: call to 'harmful_delay' declared with 'warning' attribute: use proper event handling instead of short delay [-Wattribute-warning]
  233 |         vlc_tick_sleep(i_dialog_wait / 30);
      |         ^
/Users/cam/Documents/Projects/ultima-iv-web/vlc-thumbs/work/upstream/vlc-master-story005/extras/package/macosx/../../../include/vlc_threads.h:864:42: note: expanded from macro 'vlc_tick_sleep'
  864 | #define vlc_tick_sleep(d) vlc_tick_sleep(check_delay(d))
      |                                          ^
/Users/cam/Documents/Projects/ultima-iv-web/vlc-thumbs/work/upstream/vlc-master-story005/extras/package/macosx/../../../include/vlc_threads.h:848:14: note: expanded from macro 'check_delay'
  848 |            ? harmful_delay(d) \
      |              ^
/Users/cam/Documents/Projects/ultima-iv-web/vlc-thumbs/work/upstream/vlc-master-story005/extras/package/macosx/../../../test/src/interface/dialog.c:248:9: warning: call to 'harmful_delay' declared with 'warning' attribute: use proper event handling instead of short delay [-Wattribute-warning]
  248 |         vlc_tick_sleep(i_dialog_wait / 30);
      |         ^
/Users/cam/Documents/Projects/ultima-iv-web/vlc-thumbs/work/upstream/vlc-master-story005/extras/package/macosx/../../../include/vlc_threads.h:864:42: note: expanded from macro 'vlc_tick_sleep'
  864 | #define vlc_tick_sleep(d) vlc_tick_sleep(check_delay(d))
      |                                          ^
/Users/cam/Documents/Projects/ultima-iv-web/vlc-thumbs/work/upstream/vlc-master-story005/extras/package/macosx/../../../include/vlc_threads.h:848:14: note: expanded from macro 'check_delay'
  848 |            ? harmful_delay(d) \
      |              ^
/Users/cam/Documents/Projects/ultima-iv-web/vlc-thumbs/work/upstream/vlc-master-story005/extras/package/macosx/../../../test/src/interface/dialog.c:278:9: warning: call to 'harmful_delay' declared with 'warning' attribute: use proper event handling instead of short delay [-Wattribute-warning]
  278 |         vlc_tick_sleep(i_dialog_wait / 30);
      |         ^
/Users/cam/Documents/Projects/ultima-iv-web/vlc-thumbs/work/upstream/vlc-master-story005/extras/package/macosx/../../../include/vlc_threads.h:864:42: note: expanded from macro 'vlc_tick_sleep'
  864 | #define vlc_tick_sleep(d) vlc_tick_sleep(check_delay(d))
      |                                          ^
/Users/cam/Documents/Projects/ultima-iv-web/vlc-thumbs/work/upstream/vlc-master-story005/extras/package/macosx/../../../include/vlc_threads.h:848:14: note: expanded from macro 'check_delay'
  848 |            ? harmful_delay(d) \
      |              ^
5 warnings generated.
  CCLD     test_src_misc_epg
  CCLD     test_src_misc_keystore
clang: warning: argument unused during compilation: '-fcx-limited-range' [-Wunused-command-line-argument]
  CCLD     test_src_misc_image
clang: warning: argument unused during compilation: '-fcx-limited-range' [-Wunused-command-line-argument]
clang: warning: argument unused during compilation: '-fcx-limited-range' [-Wunused-command-line-argument]
clang: warning: argument unused during compilation: '-fcx-limited-range' [-Wunused-command-line-argument]
  CCLD     test_src_misc_viewpoint
  CC       src/video_output/video_output.o
  CC       src/video_output/video_output_scenarios.o
  CC       src/video_output/inhibit.o
  CC       src/video_output/opengl.o
clang: warning: argument unused during compilation: '-fcx-limited-range' [-Wunused-command-line-argument]
/Users/cam/Documents/Projects/ultima-iv-web/vlc-thumbs/work/upstream/vlc-master-story005/extras/package/macosx/../../../test/src/video_output/inhibit.c:56:19: warning: unused variable 'dec_dev_arg' [-Wunused-const-variable]
   56 | static const char dec_dev_arg[] = "--dec-dev=" MODULE_STRING;
      |                   ^~~~~~~~~~~
clang: warning: argument unused during compilation: '-fcx-limited-range' [-Wunused-command-line-argument]
1 warning generated.
  CC       src/video_output/spu.o
  CC       modules/lua/test_modules_lua_extension-extension.o
  CC       modules/misc/medialibrary.o
  CC       modules/packetizer/helpers.o
  CC       modules/packetizer/hxxx.o
  CC       modules/packetizer/h264.o
  CC       modules/packetizer/h266.o
  CC       modules/packetizer/h266_nal.o
  CC       modules/packetizer/hevc.o
  CC       modules/packetizer/mpegvideo.o
  CC       modules/codec/hxxx_helper.o
  CCLD     test_modules_codec_cea708
  CCLD     test_modules_codec_cea708_aspect_ratio
  CCLD     test_modules_codec_cea708_integration
  CC       modules/keystore/test.o
  CC       modules/demux/json.o
clang: warning: argument unused during compilation: '-fcx-limited-range' [-Wunused-command-line-argument]
clang: warning: argument unused during compilation: '-fcx-limited-range' [-Wunused-command-line-argument]
  CC       modules/demux/libmp4.o
clang: warning: argument unused during compilation: '-fcx-limited-range' [-Wunused-command-line-argument]
  CC       modules/demux/timestamps.o
  CC       modules/demux/timestamps_filter.o
  CC       modules/demux/ts_pes.o
  CC       modules/demux/playlist/m3u.o
  CC       modules/stream_out/pcr_sync.o
  CXXLD    test_modules_stream_out_sdi
  CCLD     test_modules_tls
  CCLD     test_modules_stream_out_transcode
  CC       modules/mux/webvtt.o
  CC       modules/stream_out/hls/subtitles_segmenter.o
clang++: warning: argument unused during compilation: '-fcx-limited-range' [-Wunused-command-line-argument]
clang: warning: argument unused during compilation: '-fcx-limited-range' [-Wunused-command-line-argument]
  CC       src/player/modules.o
clang: warning: argument unused during compilation: '-fcx-limited-range' [-Wunused-command-line-argument]
  CC       src/player/abloop.o
  CC       src/player/attachments.o
  CC       src/player/capabilities.o
  CC       src/player/discontinuities.o
  CC       src/player/eof.o
  CC       src/player/errors.o
  CC       src/player/es_selection.o
  CC       src/player/lifecycle.o
  CC       src/player/loudness.o
  CC       src/player/media.o
  CC       src/player/next_prev.o
  CC       src/player/outputs.o
  CC       src/player/pause.o
  CC       src/player/programs.o
  CC       src/player/seeks.o
  CC       src/player/test_src_player_teletext-modules.o
/Users/cam/Documents/Projects/ultima-iv-web/vlc-thumbs/work/upstream/vlc-master-story005/extras/package/macosx/../../../test/src/player/pause.c:97:5: warning: call to 'harmful_delay' declared with 'warning' attribute: use proper event handling instead of short delay [-Wattribute-warning]
   97 |     vlc_tick_sleep(VLC_TICK_FROM_MS(100));
      |     ^
/Users/cam/Documents/Projects/ultima-iv-web/vlc-thumbs/work/upstream/vlc-master-story005/extras/package/macosx/../../../include/vlc_threads.h:864:42: note: expanded from macro 'vlc_tick_sleep'
  864 | #define vlc_tick_sleep(d) vlc_tick_sleep(check_delay(d))
      |                                          ^
/Users/cam/Documents/Projects/ultima-iv-web/vlc-thumbs/work/upstream/vlc-master-story005/extras/package/macosx/../../../include/vlc_threads.h:848:14: note: expanded from macro 'check_delay'
  848 |            ? harmful_delay(d) \
      |              ^
/Users/cam/Documents/Projects/ultima-iv-web/vlc-thumbs/work/upstream/vlc-master-story005/extras/package/macosx/../../../test/src/player/pause.c:131:5: warning: call to 'harmful_delay' declared with 'warning' attribute: use proper event handling instead of short delay [-Wattribute-warning]
  131 |     vlc_tick_sleep(VLC_TICK_FROM_MS(100));
      |     ^
/Users/cam/Documents/Projects/ultima-iv-web/vlc-thumbs/work/upstream/vlc-master-story005/extras/package/macosx/../../../include/vlc_threads.h:864:42: note: expanded from macro 'vlc_tick_sleep'
  864 | #define vlc_tick_sleep(d) vlc_tick_sleep(check_delay(d))
      |                                          ^
/Users/cam/Documents/Projects/ultima-iv-web/vlc-thumbs/work/upstream/vlc-master-story005/extras/package/macosx/../../../include/vlc_threads.h:848:14: note: expanded from macro 'check_delay'
  848 |            ? harmful_delay(d) \
      |              ^
/Users/cam/Documents/Projects/ultima-iv-web/vlc-thumbs/work/upstream/vlc-master-story005/extras/package/macosx/../../../test/src/player/pause.c:141:9: warning: call to 'harmful_delay' declared with 'warning' attribute: use proper event handling instead of short delay [-Wattribute-warning]
  141 |         vlc_tick_sleep(VLC_TICK_FROM_MS(10));
      |         ^
/Users/cam/Documents/Projects/ultima-iv-web/vlc-thumbs/work/upstream/vlc-master-story005/extras/package/macosx/../../../include/vlc_threads.h:864:42: note: expanded from macro 'vlc_tick_sleep'
  864 | #define vlc_tick_sleep(d) vlc_tick_sleep(check_delay(d))
      |                                          ^
/Users/cam/Documents/Projects/ultima-iv-web/vlc-thumbs/work/upstream/vlc-master-story005/extras/package/macosx/../../../include/vlc_threads.h:848:14: note: expanded from macro 'check_delay'
  848 |            ? harmful_delay(d) \
      |              ^
  CC       src/player/test_src_player_teletext-teletext.o
3 warnings generated.
  CC       src/player/timers.o
  CC       src/player/titles.o
  CC       src/player/tracks.o
  CC       src/player/tracks_ids.o
  CC       modules/video_output/opengl/test_modules_video_output_opengl_filters-filters.o
  CCLD     test_modules_video_output_opengl_sub_renderer
  CCLD     test_src_misc_image_cvpx
  CCLD     test_modules_lua_playlist_parser
  CCLD     test_libvlc_meta
clang: warning: argument unused during compilation: '-fcx-limited-range' [-Wunused-command-line-argument]
clang: warning: argument unused during compilation: '-fcx-limited-range' [-Wunused-command-line-argument]
clang: warning: argument unused during compilation: '-fcx-limited-range' [-Wunused-command-line-argument]
  CCLD     test_libvlc_core
  CCLD     test_libvlc_downloader
  CCLD     test_libvlc_equalizer
clang: warning: argument unused during compilation: '-fcx-limited-range' [-Wunused-command-line-argument]
  CCLD     test_libvlc_media
clang: warning: argument unused during compilation: '-fcx-limited-range' [-Wunused-command-line-argument]
clang: warning: argument unused during compilation: '-fcx-limited-range' [-Wunused-command-line-argument]
clang: warning: argument unused during compilation: '-fcx-limited-range' [-Wunused-command-line-argument]
  CCLD     test_libvlc_media_callback
  CCLD     test_libvlc_media_thumbnail_argb
  CCLD     test_libvlc_media_thumbnail_rgba
clang: warning: argument unused during compilation: '-fcx-limited-range' [-Wunused-command-line-argument]
  CCLD     test_libvlc_media_thumbnail_jpeg
clang: warning: argument unused during compilation: '-fcx-limited-range' [-Wunused-command-line-argument]
clang: warning: argument unused during compilation: '-fcx-limited-range' [-Wunused-command-line-argument]
clang: warning: argument unused during compilation: '-fcx-limited-range' [-Wunused-command-line-argument]
  CCLD     test_libvlc_media_thumbnail_png
  CCLD     test_libvlc_media_thumbnail_webp
  CCLD     test_libvlc_media_list
clang: warning: argument unused during compilation: '-fcx-limited-range' [-Wunused-command-line-argument]
  CCLD     test_libvlc_media_list_player
clang: warning: argument unused during compilation: '-fcx-limited-range' [-Wunused-command-line-argument]clangclang: warning: argument unused during compilation: '-fcx-limited-range' [-Wunused-command-line-argument]

: warning: argument unused during compilation: '-fcx-limited-range' [-Wunused-command-line-argument]
  CCLD     test_libvlc_media_player
  CCLD     test_libvlc_video_callback
  CCLD     test_libvlc_media_player_record
clang: warning: argument unused during compilation: '-fcx-limited-range' [-Wunused-command-line-argument]
  CCLD     test_libvlc_media_discoverer
clang: warning: argument unused during compilation: '-fcx-limited-range' [-Wunused-command-line-argument]
clang: clang: warning: argument unused during compilation: '-fcx-limited-range' [-Wunused-command-line-argument]
warning: argument unused during compilation: '-fcx-limited-range' [-Wunused-command-line-argument]
  CCLD     test_libvlc_renderer_discoverer
  CCLD     test_libvlc_slaves
  CCLD     test_src_config_chain
clang: warning: argument unused during compilation: '-fcx-limited-range' [-Wunused-command-line-argument]
  CCLD     test_src_clock_clock
clang: warning: argument unused during compilation: '-fcx-limited-range' [-Wunused-command-line-argument]
clang: warning: argument unused during compilation: '-fcx-limited-range' [-Wunused-command-line-argument]
clang: warning: argument unused during compilation: '-fcx-limited-range' [-Wunused-command-line-argument]
  CCLD     test_src_clock_start
  CCLD     test_src_misc_ancillary
  CCLD     test_src_misc_variables
clang: warning: argument unused during compilation: '-fcx-limited-range' [-Wunused-command-line-argument]
  CCLD     test_src_input_stream
clang: warning: argument unused during compilation: '-fcx-limited-range' [-Wunused-command-line-argument]
clang: warning: argument unused during compilation: '-fcx-limited-range' [-Wunused-command-line-argument]
clang: warning: argument unused during compilation: '-fcx-limited-range' [-Wunused-command-line-argument]
  CCLD     test_src_preparser_cmp_internal_external
  CCLD     test_src_input_stream_fifo
  CCLD     test_src_preparser_thumbnail
clang: warning: argument unused during compilation: '-fcx-limited-range' [-Wunused-command-line-argument]
  CCLD     test_src_preparser_thumbnail_to_files
clang: warning: argument unused during compilation: '-fcx-limited-range' [-Wunused-command-line-argument]
clang: warning: argument unused during compilation: '-fcx-limited-range' [-Wunused-command-line-argument]
clang: warning: argument unused during compilation: '-fcx-limited-range' [-Wunused-command-line-argument]
  CCLD     test_src_input_decoder
  CCLD     test_src_interface_dialog
  CCLD     test_src_media_source
clang: warning: argument unused during compilation: '-fcx-limited-range' [-Wunused-command-line-argument]
  CCLD     test_src_video_output
clang: warning: argument unused during compilation: '-fcx-limited-range' [-Wunused-command-line-argument]
clang: warning: argument unused during compilation: '-fcx-limited-range' [-Wunused-command-line-argument]
clang: warning: argument unused during compilation: '-fcx-limited-range' [-Wunused-command-line-argument]
  CCLD     test_src_video_output_inhibit
  CCLD     test_src_video_output_opengl
  CCLD     test_src_video_output_spu
clang: warning: argument unused during compilation: '-fcx-limited-range' [-Wunused-command-line-argument]
  CCLD     test_modules_lua_extension
clang: warning: argument unused during compilation: '-fcx-limited-range' [-Wunused-command-line-argument]
clang: warning: argument unused during compilation: '-fcx-limited-range' [-Wunused-command-line-argument]
clang: warning: argument unused during compilation: '-fcx-limited-range' [-Wunused-command-line-argument]
  CCLD     test_modules_misc_medialibrary
  CCLD     test_modules_packetizer_helpers
  CCLD     test_modules_packetizer_hxxx
clang: warning: argument unused during compilation: '-fcx-limited-range' [-Wunused-command-line-argument]
  CCLD     test_modules_packetizer_h264
clang: warning: argument unused during compilation: '-fcx-limited-range' [-Wunused-command-line-argument]
clang: warning: argument unused during compilation: '-fcx-limited-range' [-Wunused-command-line-argument]
clang: warning: argument unused during compilation: '-fcx-limited-range' [-Wunused-command-line-argument]
  CCLD     test_modules_packetizer_h266
  CCLD     test_modules_packetizer_h266_nal
  CCLD     test_modules_packetizer_hevc
clang: warning: argument unused during compilation: '-fcx-limited-range' [-Wunused-command-line-argument]
  CCLD     test_modules_packetizer_mpegvideo
clang: warning: argument unused during compilation: '-fcx-limited-range' [-Wunused-command-line-argument]
clang: clang: warning: argument unused during compilation: '-fcx-limited-range' [-Wunused-command-line-argument]
warning: argument unused during compilation: '-fcx-limited-range' [-Wunused-command-line-argument]
  CCLD     test_modules_codec_hxxx_helper
  CCLD     test_modules_keystore
  CCLD     test_modules_demux_json
clang: warning: argument unused during compilation: '-fcx-limited-range' [-Wunused-command-line-argument]
  CCLD     test_modules_demux_libmp4
clang: warning: argument unused during compilation: '-fcx-limited-range' [-Wunused-command-line-argument]
clang: warning: argument unused during compilation: '-fcx-limited-range' [-Wunused-command-line-argument]
clang: warning: argument unused during compilation: '-fcx-limited-range' [-Wunused-command-line-argument]
  CCLD     test_modules_demux_timestamps
  CCLD     test_modules_demux_timestamps_filter
  CCLD     test_modules_demux_ts_pes
clang: warning: argument unused during compilation: '-fcx-limited-range' [-Wunused-command-line-argument]
  CCLD     test_modules_playlist_m3u
clang: warning: argument unused during compilation: '-fcx-limited-range' [-Wunused-command-line-argument]
  CCLD     test_modules_stream_out_pcr_sync
clang: warning: argument unused during compilation: '-fcx-limited-range' [-Wunused-command-line-argument]
clang: warning: argument unused during compilation: '-fcx-limited-range' [-Wunused-command-line-argument]
  CCLD     test_modules_mux_webvtt
  CCLD     test_modules_stream_out_hls_subtitles_segmenter
clang: warning: argument unused during compilation: '-fcx-limited-range' [-Wunused-command-line-argument]
clang: warning: argument unused during compilation: '-fcx-limited-range' [-Wunused-command-line-argument]
  CCLD     test_src_player_abloop
  CCLD     test_src_player_attachments
clang: warning: argument unused during compilation: '-fcx-limited-range' [-Wunused-command-line-argument]
clang: warning: argument unused during compilation: '-fcx-limited-range' [-Wunused-command-line-argument]
  CCLD     test_src_player_capabilities
  CCLD     test_src_player_discontinuities
clang: warning: argument unused during compilation: '-fcx-limited-range' [-Wunused-command-line-argument]
clang: warning: argument unused during compilation: '-fcx-limited-range' [-Wunused-command-line-argument]
  CCLD     test_src_player_eof
  CCLD     test_src_player_errors
clang: warning: argument unused during compilation: '-fcx-limited-range' [-Wunused-command-line-argument]
clang: warning: argument unused during compilation: '-fcx-limited-range' [-Wunused-command-line-argument]
  CCLD     test_src_player_es_selection
  CCLD     test_src_player_lifecycle
clang: warning: argument unused during compilation: '-fcx-limited-range' [-Wunused-command-line-argument]
clang: warning: argument unused during compilation: '-fcx-limited-range' [-Wunused-command-line-argument]
  CCLD     test_src_player_loudness
  CCLD     test_src_player_media
clang: warning: argument unused during compilation: '-fcx-limited-range' [-Wunused-command-line-argument]
clang: warning: argument unused during compilation: '-fcx-limited-range' [-Wunused-command-line-argument]
  CCLD     test_src_player_next_prev
  CCLD     test_src_player_outputs
clang: warning: argument unused during compilation: '-fcx-limited-range' [-Wunused-command-line-argument]
clang: warning: argument unused during compilation: '-fcx-limited-range' [-Wunused-command-line-argument]
  CCLD     test_src_player_pause
  CCLD     test_src_player_programs
clang: warning: argument unused during compilation: '-fcx-limited-range' [-Wunused-command-line-argument]
clang: warning: argument unused during compilation: '-fcx-limited-range' [-Wunused-command-line-argument]
  CCLD     test_src_player_seeks
  CCLD     test_src_player_teletext
clang: warning: argument unused during compilation: '-fcx-limited-range' [-Wunused-command-line-argument]
clang: warning: argument unused during compilation: '-fcx-limited-range' [-Wunused-command-line-argument]
  CCLD     test_src_player_timers
  CCLD     test_src_player_titles
clang: warning: argument unused during compilation: '-fcx-limited-range' [-Wunused-command-line-argument]
clang: warning: argument unused during compilation: '-fcx-limited-range' [-Wunused-command-line-argument]
  CCLD     test_src_player_tracks
  CCLD     test_src_player_tracks_ids
clang: warning: argument unused during compilation: '-fcx-limited-range' [-Wunused-command-line-argument]
clang: warning: argument unused during compilation: '-fcx-limited-range' [-Wunused-command-line-argument]
  CCLD     test_modules_video_output_opengl_filters
clang: warning: argument unused during compilation: '-fcx-limited-range' [-Wunused-command-line-argument]
clang: warning: argument unused during compilation: '-fcx-limited-range' [-Wunused-command-line-argument]
clang: warning: argument unused during compilation: '-fcx-limited-range' [-Wunused-command-line-argument]
/Applications/Xcode.app/Contents/Developer/usr/bin/make  check-TESTS
============================================================================
Testsuite summary for vlc 4.0.0-dev
============================================================================
# TOTAL: 0
# PASS:  0
# SKIP:  0
# XFAIL: 0
# FAIL:  0
# XPASS: 0
# ERROR: 0
============================================================================
/usr/local/bin/gmkdir -p ./bin/Contents/Resources/
ln -s -nf /Users/cam/Documents/Projects/ultima-iv-web/vlc-thumbs/work/story005-master-baseline/modules/gui/macosx/UI ./bin/Contents/Resources/Base.lproj
ln -s -nf /Users/cam/Documents/Projects/ultima-iv-web/vlc-thumbs/work/story005-master-baseline/modules/gui/macosx/Resources/Assets.car ./bin/Contents/Resources/Assets.car
ln -s -nf /Users/cam/Documents/Projects/ultima-iv-web/vlc-thumbs/work/story005-master-baseline/share/macosx/Info.plist ./bin/Contents/Info.plist
ln -s -nf /Users/cam/Documents/Projects/ultima-iv-web/vlc-thumbs/work/story005-master-baseline/contrib/aarch64-apple-darwin19/Frameworks
cd ./bin/Contents/Resources/ && find /Users/cam/Documents/Projects/ultima-iv-web/vlc-thumbs/work/upstream/vlc-master-story005/extras/package/macosx/../../../modules/gui/macosx/Resources/ -type f -not -path "*.lproj/*" -exec ln -s -f {} \;
/Applications/Xcode.app/Contents/Developer/usr/bin/make  check-TESTS
============================================================================
Testsuite summary for vlc 4.0.0-dev
============================================================================
# TOTAL: 0
# PASS:  0
# SKIP:  0
# XFAIL: 0
# FAIL:  0
# XPASS: 0
# ERROR: 0
============================================================================
