  OBJC     gui/macosx/views/VLCTimelineHoverReentrancyTests-VLCPlaybackProgressSlider.o
  OBJC     gui/macosx/tests/VLCTimelineHoverReentrancyTests-VLCTimelineHoverReentrancyTest.o
  OBJC     gui/macosx/tests/VLCTimelineHoverReentrancyTests-VLCTimelineHoverTestSupport.o
  OBJC     gui/macosx/tests/VLCTimelineHoverReentrancyTests-VLCTimelineHoverTest.o
  GEN      VLCTimelineHoverReentrancyTests
  GEN      VLCTimelineHoverReentrancyTests.xctest
libtool: warning: '../src/libvlccore.la' has not been installed in '//lib'
libtool: install: /usr/local/bin/ginstall -c .libs/VLCTimelineHoverReentrancyTests /Users/cam/Documents/Projects/ultima-iv-web/vlc-thumbs/work/story005-master-candidate/modules/VLCTimelineHoverReentrancyTests.xctest/Contents/MacOS/VLCTimelineHoverReentrancyTests
/bin/sh -c 'exec "/Applications/Xcode.app/Contents/Developer/usr/bin/xctest" "/Users/cam/Documents/Projects/ultima-iv-web/vlc-thumbs/work/story005-master-candidate/modules/$(basename "$1")"' xctest VLCTimelineHoverReentrancyTests.xctest
Test Suite 'All tests' started at 2026-10-05 22:20:44.043.
Test Suite 'VLCTimelineHoverReentrancyTests.xctest' started at 2026-10-05 22:20:44.046.
Test Suite 'VLCTimelineHoverReentrancyTest' started at 2026-10-05 22:20:44.046.
Test Case '-[VLCTimelineHoverReentrancyTest testSnapshotNotificationInvalidatesCompletionBeforeGuardReadsState]' started.
Test Case '-[VLCTimelineHoverReentrancyTest testSnapshotNotificationInvalidatesCompletionBeforeGuardReadsState]' passed (0.005 seconds).
Test Case '-[VLCTimelineHoverReentrancyTest testSnapshotNotificationPrecedesNewHoverPresentation]' started.
Test Case '-[VLCTimelineHoverReentrancyTest testSnapshotNotificationPrecedesNewHoverPresentation]' passed (0.000 seconds).
Test Suite 'VLCTimelineHoverReentrancyTest' passed at 2026-10-05 22:20:44.051.
	 Executed 2 tests, with 0 failures (0 unexpected) in 0.005 (0.005) seconds
Test Suite 'VLCTimelineHoverTest' started at 2026-10-05 22:20:44.051.
Test Case '-[VLCTimelineHoverTest testCenteredBandUsesBarAndClipsItsHorizontalRange]' started.
Test Case '-[VLCTimelineHoverTest testCenteredBandUsesBarAndClipsItsHorizontalRange]' passed (0.000 seconds).
Test Case '-[VLCTimelineHoverTest testDelayedPresentationRequiresBothRequestAndContextGeneration]' started.
Test Case '-[VLCTimelineHoverTest testDelayedPresentationRequiresBothRequestAndContextGeneration]' passed (0.000 seconds).
Test Case '-[VLCTimelineHoverTest testDirectParentConversionAndClippingPreserveSeekFrame]' started.
Test Case '-[VLCTimelineHoverTest testDirectParentConversionAndClippingPreserveSeekFrame]' passed (0.025 seconds).
Test Case '-[VLCTimelineHoverTest testPointerFractionUsesActualBarAndClampsEndpoints]' started.
Test Case '-[VLCTimelineHoverTest testPointerFractionUsesActualBarAndClampsEndpoints]' passed (0.000 seconds).
Test Suite 'VLCTimelineHoverTest' passed at 2026-10-05 22:20:44.077.
	 Executed 4 tests, with 0 failures (0 unexpected) in 0.025 (0.026) seconds
Test Suite 'VLCTimelineHoverReentrancyTests.xctest' passed at 2026-10-05 22:20:44.077.
	 Executed 6 tests, with 0 failures (0 unexpected) in 0.031 (0.031) seconds
Test Suite 'All tests' passed at 2026-10-05 22:20:44.077.
	 Executed 6 tests, with 0 failures (0 unexpected) in 0.031 (0.034) seconds
