 cd /Users/cam/Documents/Projects/ultima-iv-web/vlc-thumbs/work/upstream/vlc-master-story005-candidate/extras/package/macosx/../../.. && /bin/sh /Users/cam/Documents/Projects/ultima-iv-web/vlc-thumbs/work/upstream/vlc-master-story005-candidate/autotools/missing automake-1.18 --foreign modules/Makefile
 cd .. && /bin/sh ./config.status modules/Makefile depfiles
config.status: creating modules/Makefile
config.status: executing depfiles commands
  OBJC     gui/macosx/tests/VLCMacOSXTests-VLCThumbnailServiceTest.o
  CC       gui/macosx/tests/VLCThumbnailTestHelper.o
  CCLD     vlc-thumbnail-test-helper
clang: warning: argument unused during compilation: '-fcx-limited-range' [-Wunused-command-line-argument]
  GEN      VLCMacOSXTests
  GEN      VLCMacOSXTests.xctest
libtool: warning: '../lib/libvlc.la' has not been installed in '//lib'
libtool: warning: '/Users/cam/Documents/Projects/ultima-iv-web/vlc-thumbs/work/story005-master-candidate/src/libvlccore.la' has not been installed in '//lib'
libtool: warning: '../src/libvlccore.la' has not been installed in '//lib'
libtool: install: /usr/local/bin/ginstall -c .libs/VLCMacOSXTests /Users/cam/Documents/Projects/ultima-iv-web/vlc-thumbs/work/story005-master-candidate/modules/VLCMacOSXTests.xctest/Contents/MacOS/VLCMacOSXTests
/usr/bin/xcrun xctest -XCTest VLCThumbnailServiceTest/testQueuedValidationDoesNotExtendProvisionalDeadline,VLCThumbnailServiceTest/testFinitePreparationBecomesQuiescent,VLCThumbnailServiceTest/testHungWorkerPIDDisappearsBeforeRecovery /Users/cam/Documents/Projects/ultima-iv-web/vlc-thumbs/work/story005-master-candidate/modules/VLCMacOSXTests.xctest
Test Suite 'Selected tests' started at 2026-10-05 23:48:43.195.
Test Suite 'VLCMacOSXTests.xctest' started at 2026-10-05 23:48:43.197.
Test Suite 'VLCThumbnailServiceTest' started at 2026-10-05 23:48:43.197.
Test Case '-[VLCThumbnailServiceTest testFinitePreparationBecomesQuiescent]' started.
Test Case '-[VLCThumbnailServiceTest testFinitePreparationBecomesQuiescent]' passed (4.027 seconds).
Test Case '-[VLCThumbnailServiceTest testHungWorkerPIDDisappearsBeforeRecovery]' started.
Test Case '-[VLCThumbnailServiceTest testHungWorkerPIDDisappearsBeforeRecovery]' passed (15.086 seconds).
Test Case '-[VLCThumbnailServiceTest testQueuedValidationDoesNotExtendProvisionalDeadline]' started.
Test Case '-[VLCThumbnailServiceTest testQueuedValidationDoesNotExtendProvisionalDeadline]' passed (16.074 seconds).
Test Suite 'VLCThumbnailServiceTest' passed at 2026-10-05 23:49:18.384.
	 Executed 3 tests, with 0 failures (0 unexpected) in 35.187 (35.187) seconds
Test Suite 'VLCMacOSXTests.xctest' passed at 2026-10-05 23:49:18.384.
	 Executed 3 tests, with 0 failures (0 unexpected) in 35.187 (35.187) seconds
Test Suite 'Selected tests' passed at 2026-10-05 23:49:18.384.
	 Executed 3 tests, with 0 failures (0 unexpected) in 35.187 (35.189) seconds
